Component: ARM Compiler 5.06 update 7 (build 960) Tool: armlink [4d3601]

==============================================================================

Section Cross References

    startup_stm32h723xx.o(RESET) refers to startup_stm32h723xx.o(STACK) for __initial_sp
    startup_stm32h723xx.o(RESET) refers to startup_stm32h723xx.o(.text) for Reset_Handler
    startup_stm32h723xx.o(RESET) refers to stm32h7xx_it.o(i.NMI_Handler) for NMI_Handler
    startup_stm32h723xx.o(RESET) refers to stm32h7xx_it.o(i.HardFault_Handler) for HardFault_Handler
    startup_stm32h723xx.o(RESET) refers to stm32h7xx_it.o(i.MemManage_Handler) for MemManage_Handler
    startup_stm32h723xx.o(RESET) refers to stm32h7xx_it.o(i.BusFault_Handler) for BusFault_Handler
    startup_stm32h723xx.o(RESET) refers to stm32h7xx_it.o(i.UsageFault_Handler) for UsageFault_Handler
    startup_stm32h723xx.o(RESET) refers to port.o(.emb_text) for SVC_Handler
    startup_stm32h723xx.o(RESET) refers to stm32h7xx_it.o(i.DebugMon_Handler) for DebugMon_Handler
    startup_stm32h723xx.o(RESET) refers to port.o(i.SysTick_Handler) for SysTick_Handler
    startup_stm32h723xx.o(RESET) refers to stm32h7xx_it.o(i.DMA1_Stream0_IRQHandler) for DMA1_Stream0_IRQHandler
    startup_stm32h723xx.o(RESET) refers to stm32h7xx_it.o(i.DMA1_Stream1_IRQHandler) for DMA1_Stream1_IRQHandler
    startup_stm32h723xx.o(RESET) refers to stm32h7xx_it.o(i.DMA1_Stream2_IRQHandler) for DMA1_Stream2_IRQHandler
    startup_stm32h723xx.o(RESET) refers to stm32h7xx_it.o(i.FDCAN1_IT0_IRQHandler) for FDCAN1_IT0_IRQHandler
    startup_stm32h723xx.o(RESET) refers to stm32h7xx_it.o(i.FDCAN2_IT0_IRQHandler) for FDCAN2_IT0_IRQHandler
    startup_stm32h723xx.o(RESET) refers to stm32h7xx_it.o(i.TIM2_IRQHandler) for TIM2_IRQHandler
    startup_stm32h723xx.o(RESET) refers to stm32h7xx_it.o(i.SPI2_IRQHandler) for SPI2_IRQHandler
    startup_stm32h723xx.o(RESET) refers to stm32h7xx_it.o(i.USART1_IRQHandler) for USART1_IRQHandler
    startup_stm32h723xx.o(RESET) refers to stm32h7xx_it.o(i.OTG_HS_IRQHandler) for OTG_HS_IRQHandler
    startup_stm32h723xx.o(RESET) refers to stm32h7xx_it.o(i.FDCAN3_IT0_IRQHandler) for FDCAN3_IT0_IRQHandler
    startup_stm32h723xx.o(.text) refers to system_stm32h7xx.o(i.SystemInit) for SystemInit
    startup_stm32h723xx.o(.text) refers to entry.o(.ARM.Collect$$$$00000000) for __main
    main.o(i.HAL_TIM_PeriodElapsedCallback) refers to stm32h7xx_hal.o(i.HAL_IncTick) for HAL_IncTick
    main.o(i.PeriphCommonClock_Config) refers to memseta.o(.text) for __aeabi_memclr4
    main.o(i.PeriphCommonClock_Config) refers to stm32h7xx_hal_rcc_ex.o(i.HAL_RCCEx_PeriphCLKConfig) for HAL_RCCEx_PeriphCLKConfig
    main.o(i.PeriphCommonClock_Config) refers to main.o(i.Error_Handler) for Error_Handler
    main.o(i.SystemClock_Config) refers to memseta.o(.text) for __aeabi_memclr4
    main.o(i.SystemClock_Config) refers to stm32h7xx_hal_pwr_ex.o(i.HAL_PWREx_ConfigSupply) for HAL_PWREx_ConfigSupply
    main.o(i.SystemClock_Config) refers to stm32h7xx_hal_rcc.o(i.HAL_RCC_OscConfig) for HAL_RCC_OscConfig
    main.o(i.SystemClock_Config) refers to main.o(i.Error_Handler) for Error_Handler
    main.o(i.SystemClock_Config) refers to stm32h7xx_hal_rcc.o(i.HAL_RCC_ClockConfig) for HAL_RCC_ClockConfig
    main.o(i.main) refers to stm32h7xx_hal.o(i.HAL_Init) for HAL_Init
    main.o(i.main) refers to main.o(i.SystemClock_Config) for SystemClock_Config
    main.o(i.main) refers to main.o(i.PeriphCommonClock_Config) for PeriphCommonClock_Config
    main.o(i.main) refers to gpio.o(i.MX_GPIO_Init) for MX_GPIO_Init
    main.o(i.main) refers to dma.o(i.MX_DMA_Init) for MX_DMA_Init
    main.o(i.main) refers to spi.o(i.MX_SPI2_Init) for MX_SPI2_Init
    main.o(i.main) refers to fdcan.o(i.MX_FDCAN1_Init) for MX_FDCAN1_Init
    main.o(i.main) refers to fdcan.o(i.MX_FDCAN2_Init) for MX_FDCAN2_Init
    main.o(i.main) refers to tim.o(i.MX_TIM3_Init) for MX_TIM3_Init
    main.o(i.main) refers to fdcan.o(i.MX_FDCAN3_Init) for MX_FDCAN3_Init
    main.o(i.main) refers to usart.o(i.MX_USART1_UART_Init) for MX_USART1_UART_Init
    main.o(i.main) refers to bsp_dwt.o(i.DWT_Init) for DWT_Init
    main.o(i.main) refers to bmi088driver.o(i.BMI088_init) for BMI088_init
    main.o(i.main) refers to stm32h7xx_hal_gpio.o(i.HAL_GPIO_WritePin) for HAL_GPIO_WritePin
    main.o(i.main) refers to can_bsp.o(i.FDCAN1_Config) for FDCAN1_Config
    main.o(i.main) refers to can_bsp.o(i.FDCAN2_Config) for FDCAN2_Config
    main.o(i.main) refers to freertos.o(i.MX_FREERTOS_Init) for MX_FREERTOS_Init
    main.o(i.main) refers to cmsis_os.o(i.osKernelStart) for osKernelStart
    main.o(i.main) refers to spi.o(.bss) for hspi2
    gpio.o(i.MX_GPIO_Init) refers to memseta.o(.text) for __aeabi_memclr4
    gpio.o(i.MX_GPIO_Init) refers to stm32h7xx_hal_gpio.o(i.HAL_GPIO_WritePin) for HAL_GPIO_WritePin
    gpio.o(i.MX_GPIO_Init) refers to stm32h7xx_hal_gpio.o(i.HAL_GPIO_Init) for HAL_GPIO_Init
[...]
    USBD_LL_PrepareReceive                   0x0800dac9   Thumb Code    48  usbd_conf.o(i.USBD_LL_PrepareReceive)
    USBD_LL_Reset                            0x0800daf9   Thumb Code   108  usbd_core.o(i.USBD_LL_Reset)
    USBD_LL_Resume                           0x0800db65   Thumb Code    22  usbd_core.o(i.USBD_LL_Resume)
    USBD_LL_SOF                              0x0800db7b   Thumb Code    40  usbd_core.o(i.USBD_LL_SOF)
    USBD_LL_SetSpeed                         0x0800dba3   Thumb Code     8  usbd_core.o(i.USBD_LL_SetSpeed)
    USBD_LL_SetUSBAddress                    0x0800dbab   Thumb Code    38  usbd_conf.o(i.USBD_LL_SetUSBAddress)
    USBD_LL_SetupStage                       0x0800dbd1   Thumb Code   118  usbd_core.o(i.USBD_LL_SetupStage)
    USBD_LL_StallEP                          0x0800dc47   Thumb Code    38  usbd_conf.o(i.USBD_LL_StallEP)
    USBD_LL_Start                            0x0800dc6d   Thumb Code    30  usbd_conf.o(i.USBD_LL_Start)
    USBD_LL_Suspend                          0x0800dc8b   Thumb Code    28  usbd_core.o(i.USBD_LL_Suspend)
    USBD_LL_Transmit                         0x0800dca7   Thumb Code    48  usbd_conf.o(i.USBD_LL_Transmit)
    USBD_ParseSetupRequest                   0x0800dcd7   Thumb Code    54  usbd_ctlreq.o(i.USBD_ParseSetupRequest)
    USBD_RegisterClass                       0x0800dd0d   Thumb Code    72  usbd_core.o(i.USBD_RegisterClass)
    USBD_RunTestMode                         0x0800dd55   Thumb Code     6  usbd_core.o(i.USBD_RunTestMode)
    USBD_SetClassConfig                      0x0800ddb5   Thumb Code    32  usbd_core.o(i.USBD_SetClassConfig)
    USBD_Start                               0x0800df11   Thumb Code    12  usbd_core.o(i.USBD_Start)
    USBD_StdDevReq                           0x0800df1d   Thumb Code   174  usbd_ctlreq.o(i.USBD_StdDevReq)
    USBD_StdEPReq                            0x0800dfcb   Thumb Code   640  usbd_ctlreq.o(i.USBD_StdEPReq)
    USBD_StdItfReq                           0x0800e24b   Thumb Code   174  usbd_ctlreq.o(i.USBD_StdItfReq)
    USBD_static_free                         0x0800e2f9   Thumb Code     2  usbd_conf.o(i.USBD_static_free)
    USBD_static_malloc                       0x0800e2fd   Thumb Code     6  usbd_conf.o(i.USBD_static_malloc)
    USB_ActivateEndpoint                     0x0800e309   Thumb Code   202  stm32h7xx_ll_usb.o(i.USB_ActivateEndpoint)
    USB_ActivateSetup                        0x0800e3d9   Thumb Code    40  stm32h7xx_ll_usb.o(i.USB_ActivateSetup)
    USB_CoreInit                             0x0800e401   Thumb Code   142  stm32h7xx_ll_usb.o(i.USB_CoreInit)
    USB_DeactivateEndpoint                   0x0800e4f1   Thumb Code   318  stm32h7xx_ll_usb.o(i.USB_DeactivateEndpoint)
    USB_DevConnect                           0x0800e63d   Thumb Code    36  stm32h7xx_ll_usb.o(i.USB_DevConnect)
    USB_DevDisconnect                        0x0800e661   Thumb Code    36  stm32h7xx_ll_usb.o(i.USB_DevDisconnect)
    USB_DevInit                              0x0800e685   Thumb Code   464  stm32h7xx_ll_usb.o(i.USB_DevInit)
    USB_DisableGlobalInt                     0x0800e85d   Thumb Code    14  stm32h7xx_ll_usb.o(i.USB_DisableGlobalInt)
    USB_EP0_OutStart                         0x0800e86d   Thumb Code   106  stm32h7xx_ll_usb.o(i.USB_EP0_OutStart)
    USB_EPClearStall                         0x0800e8dd   Thumb Code   142  stm32h7xx_ll_usb.o(i.USB_EPClearStall)
    USB_EPSetStall                           0x0800e96b   Thumb Code   154  stm32h7xx_ll_usb.o(i.USB_EPSetStall)
    USB_EPStartXfer                          0x0800ea05   Thumb Code   944  stm32h7xx_ll_usb.o(i.USB_EPStartXfer)
    USB_EPStopXfer                           0x0800edb9   Thumb Code   236  stm32h7xx_ll_usb.o(i.USB_EPStopXfer)
    USB_EnableGlobalInt                      0x0800eea5   Thumb Code    14  stm32h7xx_ll_usb.o(i.USB_EnableGlobalInt)
    USB_FlushRxFifo                          0x0800eeb5   Thumb Code    80  stm32h7xx_ll_usb.o(i.USB_FlushRxFifo)
    USB_FlushTxFifo                          0x0800ef09   Thumb Code    84  stm32h7xx_ll_usb.o(i.USB_FlushTxFifo)
    USB_GetDevSpeed                          0x0800ef61   Thumb Code    38  stm32h7xx_ll_usb.o(i.USB_GetDevSpeed)
    USB_GetMode                              0x0800ef87   Thumb Code    10  stm32h7xx_ll_usb.o(i.USB_GetMode)
    USB_ReadDevAllInEpInterrupt              0x0800ef91   Thumb Code    20  stm32h7xx_ll_usb.o(i.USB_ReadDevAllInEpInterrupt)
    USB_ReadDevAllOutEpInterrupt             0x0800efa5   Thumb Code    20  stm32h7xx_ll_usb.o(i.USB_ReadDevAllOutEpInterrupt)
    USB_ReadDevInEPInterrupt                 0x0800efb9   Thumb Code    50  stm32h7xx_ll_usb.o(i.USB_ReadDevInEPInterrupt)
    USB_ReadDevOutEPInterrupt                0x0800efeb   Thumb Code    26  stm32h7xx_ll_usb.o(i.USB_ReadDevOutEPInterrupt)
    USB_ReadInterrupts                       0x0800f005   Thumb Code    10  stm32h7xx_ll_usb.o(i.USB_ReadInterrupts)
    USB_ReadPacket                           0x0800f00f   Thumb Code    96  stm32h7xx_ll_usb.o(i.USB_ReadPacket)
    USB_SetCurrentMode                       0x0800f06f   Thumb Code   104  stm32h7xx_ll_usb.o(i.USB_SetCurrentMode)
    USB_SetDevAddress                        0x0800f0d7   Thumb Code    42  stm32h7xx_ll_usb.o(i.USB_SetDevAddress)
    USB_SetDevSpeed                          0x0800f101   Thumb Code    18  stm32h7xx_ll_usb.o(i.USB_SetDevSpeed)
    USB_SetTurnaroundTime                    0x0800f115   Thumb Code   192  stm32h7xx_ll_usb.o(i.USB_SetTurnaroundTime)
    USB_WritePacket                          0x0800f1fd   Thumb Code    68  stm32h7xx_ll_usb.o(i.USB_WritePacket)
    UsageFault_Handler                       0x0800f241   Thumb Code     4  stm32h7xx_it.o(i.UsageFault_Handler)
    VMCDataPrepare                           0x0800f245   Thumb Code   152  vmc_calc_version_1_1.o(i.VMCDataPrepare)
    VMCInit                                  0x0800f2dd   Thumb Code    22  vmc_calc_version_1_1.o(i.VMCInit)
    VMCLegForceCalc                          0x0800f301   Thumb Code   102  vmc_calc_version_1_1.o(i.VMCLegForceCalc)
    VMCVirtual2RealCalc                      0x0800f367   Thumb Code    82  vmc_calc_version_1_1.o(i.VMCVirtual2RealCalc)
    Vofa_task                                0x0800f3b9   Thumb Code     8  freertos.o(i.Vofa_task)
    __ARM_fpclassifyf                        0x0800f3c1   Thumb Code    38  fpclassifyf.o(i.__ARM_fpclassifyf)
    __hardfp_asinf                           0x0800f421   Thumb Code   258  asinf.o(i.__hardfp_asinf)
    __hardfp_atan2f                          0x0800f559   Thumb Code   594  atan2f.o(i.__hardfp_atan2f)
    __hardfp_sqrt                            0x0800f80d   Thumb Code   102  sqrt.o(i.__hardfp_sqrt)
    __hardfp_sqrtf                           0x0800f873   Thumb Code    58  sqrtf.o(i.__hardfp_sqrtf)
    __mathlib_flt_infnan                     0x0800f8ad   Thumb Code     6  funder.o(i.__mathlib_flt_infnan)
    __mathlib_flt_infnan2                    0x0800f8b3   Thumb Code     6  funder.o(i.__mathlib_flt_infnan2)
    __mathlib_flt_invalid                    0x0800f8b9   Thumb Code    10  funder.o(i.__mathlib_flt_invalid)
    __mathlib_flt_underflow                  0x0800f8c9   Thumb Code    10  funder.o(i.__mathlib_flt_underflow)
    __scatterload_copy                       0x0800f8d9   Thumb Code    14  handlers.o(i.__scatterload_copy)
    __scatterload_null                       0x0800f8e7   Thumb Code     2  handlers.o(i.__scatterload_null)
    __scatterload_zeroinit                   0x0800f8e9   Thumb Code    14  handlers.o(i.__scatterload_zeroinit)
    __set_errno                              0x0800f8f9   Thumb Code     6  errno.o(i.__set_errno)
    bmi088_accel_init                        0x0800f905   Thumb Code   348  bmi088driver.o(i.bmi088_accel_init)
    bmi088_gyro_init                         0x0800fa71   Thumb Code   284  bmi088driver.o(i.bmi088_gyro_init)
    canx_send_data                           0x0800fba1   Thumb Code   126  can_bsp.o(i.canx_send_data)
    chassis_task                             0x0800fc1f   Thumb Code    16  chassis_task.o(i.chassis_task)
    crsf_crc8                                0x0800fc2f   Thumb Code    58  remote_control.o(i.crsf_crc8)
    crsf_decode_channels                     0x0800fc69   Thumb Code   100  remote_control.o(i.crsf_decode_channels)
    dm3507_fbdata                            0x0800fccd   Thumb Code   318  dm4310_drv.o(i.dm3507_fbdata)
    dm4310_fbdata                            0x0800fe31   Thumb Code   154  dm4310_drv.o(i.dm4310_fbdata)
    dmaToFrameBuffer                         0x0800fecd   Thumb Code   324  remote_control.o(i.dmaToFrameBuffer)
    enable_motor_mode                        0x08010029   Thumb Code    66  dm4310_drv.o(i.enable_motor_mode)
    float_to_uint                            0x08010075   Thumb Code    50  dm4310_drv.o(i.float_to_uint)
    getSwichBit                              0x080100a7   Thumb Code    36  remote_control.o(i.getSwichBit)
    initChassisTask                          0x080100cd   Thumb Code   618  chassis_task.o(i.initChassisTask)
    initLQR                                  0x080103a1   Thumb Code    76  lqr.o(i.initLQR)
    initRemoteControl                        0x08010405   Thumb Code    40  remote_control.o(i.initRemoteControl)
    joint_motor_init                         0x0801043d   Thumb Code     6  dm4310_drv.o(i.joint_motor_init)
    legPosCalc                               0x08010445   Thumb Code   366  vmc_calc_version_1_1.o(i.legPosCalc)
    loadManualControl                        0x080105c1   Thumb Code   284  chassis_task.o(i.loadManualControl)
    mahony_init                              0x080106fd   Thumb Code    40  mahony_filter.o(i.mahony_init)
    mahony_input                             0x08010735   Thumb Code    30  mahony_filter.o(i.mahony_input)
    mahony_output                            0x08010753   Thumb Code    74  mahony_filter.o(i.mahony_output)
    mahony_update                            0x0801079d   Thumb Code   646  mahony_filter.o(i.mahony_update)
    main                                     0x08010a25   Thumb Code   106  main.o(i.main)
    malloc                                   0x08010aa9   Thumb Code    92  malloc.o(i.malloc)
    mit_ctrl                                 0x08010b15   Thumb Code   232  dm4310_drv.o(i.mit_ctrl)
    mit_ctrl2                                0x08010c05   Thumb Code   232  dm4310_drv.o(i.mit_ctrl2)
    my_limit                                 0x08010d05   Thumb Code    48  remote_control.o(i.my_limit)
    mylimit_float                            0x08010d35   Thumb Code    40  chassis_task.o(i.mylimit_float)
    osDelay                                  0x08010d5d   Thumb Code    24  cmsis_os.o(i.osDelay)
    osKernelStart                            0x08010d75   Thumb Code    10  cmsis_os.o(i.osKernelStart)
    osThreadCreate                           0x08010d7f   Thumb Code    48  cmsis_os.o(i.osThreadCreate)
    phiTargetCalc                            0x08010db1   Thumb Code    66  lqr.o(i.phiTargetCalc)
    pvPortMalloc                             0x08011249   Thumb Code   306  heap_4.o(i.pvPortMalloc)
    pxPortInitialiseStack                    0x08011395   Thumb Code    38  port.o(i.pxPortInitialiseStack)
    remoteControlParse                       0x080113c1   Thumb Code   638  remote_control.o(i.remoteControlParse)
    remoteControlTask                        0x08011659   Thumb Code    68  remote_control.o(i.remoteControlTask)
    sendDataAppend                           0x080116ad   Thumb Code    36  vofa_task.o(i.sendDataAppend)
    sqrtf                                    0x080116d9   Thumb Code    62  sqrtf.o(i.sqrtf)
    uint_to_float                            0x08011717   Thumb Code    52  dm4310_drv.o(i.uint_to_float)
    updateChassisControl                     0x0801174d   Thumb Code  3644  chassis_task.o(i.updateChassisControl)
    uxListRemove                             0x0801259d   Thumb Code    40  list.o(i.uxListRemove)
    vListInitialise                          0x080125c5   Thumb Code    26  list.o(i.vListInitialise)
    vListInitialiseItem                      0x080125df   Thumb Code     6  list.o(i.vListInitialiseItem)
    vListInsert                              0x080125e5   Thumb Code    52  list.o(i.vListInsert)
    vListInsertEnd                           0x08012619   Thumb Code    24  list.o(i.vListInsertEnd)
    vPortEnterCritical                       0x08012631   Thumb Code    76  port.o(i.vPortEnterCritical)
    vPortExitCritical                        0x08012685   Thumb Code    56  port.o(i.vPortExitCritical)
    vPortFree                                0x080126c1   Thumb Code   150  heap_4.o(i.vPortFree)
    vPortSetupTimerInterrupt                 0x08012765   Thumb Code    36  port.o(i.vPortSetupTimerInterrupt)
    vTaskDelay                               0x0801278d   Thumb Code    82  tasks.o(i.vTaskDelay)
    vTaskStartScheduler                      0x080127e9   Thumb Code   108  tasks.o(i.vTaskStartScheduler)
    vTaskSuspendAll                          0x08012871   Thumb Code    12  tasks.o(i.vTaskSuspendAll)
    vTaskSwitchContext                       0x08012881   Thumb Code   118  tasks.o(i.vTaskSwitchContext)
    vofaSend                                 0x0801290d   Thumb Code    86  vofa_task.o(i.vofaSend)
    vofaTaskInit                             0x0801296d   Thumb Code     2  vofa_task.o(i.vofaTaskInit)
    vofa_task                                0x08012971   Thumb Code    74  vofa_task.o(i.vofa_task)
    wheel_motor_init                         0x080129c1   Thumb Code     6  dm4310_drv.o(i.wheel_motor_init)
    xPortStartScheduler                      0x080129c9   Thumb Code   330  port.o(i.xPortStartScheduler)
    xTaskCreate                              0x08012b31   Thumb Code    96  tasks.o(i.xTaskCreate)
    xTaskGetTickCount                        0x08012b91   Thumb Code     6  tasks.o(i.xTaskGetTickCount)
    xTaskIncrementTick                       0x08012b9d   Thumb Code   282  tasks.o(i.xTaskIncrementTick)
    xTaskResumeAll                           0x08012ce5   Thumb Code   224  tasks.o(i.xTaskResumeAll)
    xvEstimateKF_Init                        0x08012de9   Thumb Code    96  observe_task.o(i.xvEstimateKF_Init)
    UARTPrescTable                           0x08012f38   Data          24  stm32h7xx_hal_uart.o(.constdata)
    D1CorePrescTable                         0x08012f60   Data          16  system_stm32h7xx.o(.constdata)
    vaEstimateKF_H                           0x08012f70   Data          16  observe_task.o(.constdata)
    sinTable_f32                             0x08013040   Data        2052  arm_common_tables.o(.rodata.sinTable_f32)
    Region$$Table$$Base                      0x08013844   Number         0  anon$$obj.o(Region$$Table)
    Region$$Table$$Limit                     0x08013864   Number         0  anon$$obj.o(Region$$Table)
    defaultTaskHandle                        0x24000000   Data           4  freertos.o(.data)
    INS_TASKHandle                           0x24000004   Data           4  freertos.o(.data)
    OBSERVE_TASKHandle                       0x24000008   Data           4  freertos.o(.data)
    REMOTE_CONTROL_Handle                    0x2400000c   Data           4  freertos.o(.data)
    CHASSIS_TASKHandle                       0x24000010   Data           4  freertos.o(.data)
    VOFA_TASKHandle                          0x24000014   Data           4  freertos.o(.data)
    uwTick                                   0x2400001c   Data           4  stm32h7xx_hal.o(.data)
    uwTickPrio                               0x24000020   Data           4  stm32h7xx_hal.o(.data)
    uwTickFreq                               0x24000024   Data           1  stm32h7xx_hal.o(.data)
    SystemCoreClock                          0x24000028   Data           4  system_stm32h7xx.o(.data)
    SystemD2Clock                            0x2400002c   Data           4  system_stm32h7xx.o(.data)
    BMI088_ACCEL_SEN                         0x24000030   Data           4  bmi088driver.o(.data)
    BMI088_GYRO_SEN                          0x24000034   Data           4  bmi088driver.o(.data)
    gNormDiff                                0x2400003c   Data           4  bmi088driver.o(.data)
    caliOffset                               0x24000040   Data           1  bmi088driver.o(.data)
    caliCount                                0x24000042   Data           2  bmi088driver.o(.data)
    BMI088_SPI                               0x2400007c   Data           4  bmi088middleware.o(.data)
    sizeof_float                             0x24000080   Data           2  kalman_filter.o(.data)
    sizeof_double                            0x24000082   Data           2  kalman_filter.o(.data)
    K_matrix                                 0x24000084   Data           8  lqr.o(.data)
    X_matrix_left                            0x2400008c   Data           8  lqr.o(.data)
    X_matrix_right                           0x24000094   Data           8  lqr.o(.data)
    U_matrix_left                            0x2400009c   Data           8  lqr.o(.data)
    U_matrix_right                           0x240000a4   Data           8  lqr.o(.data)
    pxCurrentTCB                             0x240000ac   Data           4  tasks.o(.data)
    gravity                                  0x24000114   Data          12  ins_task.o(.data)
    INS_DWT_Count                            0x24000120   Data           4  ins_task.o(.data)
    ins_dt                                   0x24000124   Data           4  ins_task.o(.data)
    ins_time                                 0x24000128   Data           4  ins_task.o(.data)
    stop_time                                0x2400012c   Data           4  ins_task.o(.data)
    vaEstimateKF_F                           0x24000130   Data          16  observe_task.o(.data)
    vaEstimateKF_P                           0x24000140   Data          16  observe_task.o(.data)
    vaEstimateKF_Q                           0x24000150   Data          16  observe_task.o(.data)
    vaEstimateKF_R                           0x24000160   Data          16  observe_task.o(.data)
    vel_acc                                  0x24000170   Data           8  observe_task.o(.data)
    OBSERVE_TIME                             0x24000178   Data           4  observe_task.o(.data)
    asd                                      0x24000180   Data           4  chassis_task.o(.data)
    u_left                                   0x24000184   Data           8  chassis_task.o(.data)
    u_right                                  0x2400018c   Data           8  chassis_task.o(.data)
    send_flag                                0x240001a0   Data           1  vofa_task.o(.data)
    cnt                                      0x240001a2   Data           2  vofa_task.o(.data)
    w                                        0x240001a4   Data           4  vofa_task.o(.data)
    SysTime                                  0x240001a8   Data           8  bsp_dwt.o(.data)
    CYCCNT64                                 0x240001c8   Data           8  bsp_dwt.o(.data)
    HS_Desc                                  0x240001e8   Data          32  usbd_desc.o(.data)
    USBD_HS_DeviceDesc                       0x24000208   Data          18  usbd_desc.o(.data)
    USBD_HS_BOSDesc                          0x2400021c   Data          12  usbd_desc.o(.data)
    USBD_LangIDDesc                          0x24000228   Data           4  usbd_desc.o(.data)
    USBD_StringSerial                        0x2400022c   Data          26  usbd_desc.o(.data)
    USBD_Interface_fops_HS                   0x24000248   Data          20  usbd_cdc_if.o(.data)
    USBD_CDC                                 0x2400026c   Data          56  usbd_cdc.o(.data)
    __microlib_freelist                      0x240002ec   Data           4  mvars.o(.data)
    __microlib_freelist_initialised          0x240002f0   Data           4  mvars.o(.data)
    hfdcan1                                  0x240002f8   Data         160  fdcan.o(.bss)
    hfdcan2                                  0x24000398   Data         160  fdcan.o(.bss)
    hfdcan3                                  0x24000438   Data         160  fdcan.o(.bss)
    hspi2                                    0x240004d8   Data         136  spi.o(.bss)
    hdma_spi2_rx                             0x24000560   Data         120  spi.o(.bss)
    hdma_spi2_tx                             0x240005d8   Data         120  spi.o(.bss)
    htim3                                    0x24000650   Data          76  tim.o(.bss)
    huart1                                   0x2400069c   Data         148  usart.o(.bss)
    hdma_usart1_rx                           0x24000730   Data         120  usart.o(.bss)
    htim2                                    0x240007a8   Data          76  stm32h7xx_hal_timebase_tim.o(.bss)
    gyroDiff                                 0x240007f4   Data          12  bmi088driver.o(.bss)
    BMI088                                   0x24000800   Data          64  bmi088driver.o(.bss)
    K_data                                   0x24000840   Data          48  lqr.o(.bss)
    vmc_leg_left                             0x24000870   Data          60  vmc_calc_version_1_1.o(.bss)
    vmc_leg_right                            0x240008ac   Data          60  vmc_calc_version_1_1.o(.bss)
    INS                                      0x240081d8   Data         148  ins_task.o(.bss)
    mahony                                   0x2400826c   Data         132  ins_task.o(.bss)
    Gyro                                     0x240082f0   Data          12  ins_task.o(.bss)
    Accel                                    0x240082fc   Data          12  ins_task.o(.bss)
    vaEstimateKF                             0x24008308   Data         320  observe_task.o(.bss)
    vaEstimateKF_K                           0x24008448   Data          16  observe_task.o(.bss)
    uart1_dma_rx_buffer                      0x24008458   Data          64  remote_control.o(.bss)
    uart1_frame_buffer                       0x24008498   Data          64  remote_control.o(.bss)
    frame_data                               0x240084d8   Data          12  remote_control.o(.bss)
    crsf_data                                0x240084e4   Data          60  remote_control.o(.bss)
    rc_data                                  0x24008520   Data          40  remote_control.o(.bss)
    leg_left                                 0x24008548   Data         224  chassis_task.o(.bss)
    leg_right                                0x24008628   Data         224  chassis_task.o(.bss)
    bipe_chassis                             0x24008708   Data          56  chassis_task.o(.bss)
    x_left                                   0x24008740   Data          24  chassis_task.o(.bss)
    x_left_target                            0x24008758   Data          24  chassis_task.o(.bss)
    x_right                                  0x24008770   Data          24  chassis_task.o(.bss)
    x_right_target                           0x24008788   Data          24  chassis_task.o(.bss)
    ctrl_data                                0x240087a0   Data          12  chassis_task.o(.bss)
    LegR_Pid                                 0x240087ac   Data          72  chassis_task.o(.bss)
    LegL_Pid                                 0x240087f4   Data          72  chassis_task.o(.bss)
    Tp_Pid                                   0x2400883c   Data          72  chassis_task.o(.bss)
    Turn_Pid                                 0x24008884   Data          72  chassis_task.o(.bss)
    Roll_Pid                                 0x240088cc   Data          72  chassis_task.o(.bss)
    PhiL_Pid                                 0x24008914   Data          72  chassis_task.o(.bss)
    PhiR_Pid                                 0x2400895c   Data          72  chassis_task.o(.bss)
    PhiVelL_Pid                              0x240089a4   Data          72  chassis_task.o(.bss)
    PhiVelR_Pid                              0x240089ec   Data          72  chassis_task.o(.bss)
    send_buf                                 0x24008a34   Data         128  vofa_task.o(.bss)
    RxHeader1                                0x24008ab4   Data          40  can_bsp.o(.bss)
    g_Can1RxData                             0x24008adc   Data          64  can_bsp.o(.bss)
    RxHeader2                                0x24008b1c   Data          40  can_bsp.o(.bss)
    g_Can2RxData                             0x24008b44   Data          64  can_bsp.o(.bss)
    hUsbDeviceHS                             0x24008b84   Data         732  usb_device.o(.bss)
    USBD_StrDesc                             0x24008e60   Data         512  usbd_desc.o(.bss)
    UserRxBufferHS                           0x24009060   Data        2048  usbd_cdc_if.o(.bss)
    UserTxBufferHS                           0x24009860   Data        2048  usbd_cdc_if.o(.bss)
    hpcd_USB_OTG_HS                          0x2400a060   Data        1292  usbd_conf.o(.bss)
    __heap_base                              0x2400a790   Data           0  startup_stm32h723xx.o(HEAP)
    __heap_limit                             0x2400a990   Data           0  startup_stm32h723xx.o(HEAP)
    __initial_sp                             0x2400b190   Data           0  startup_stm32h723xx.o(STACK)



==============================================================================

Memory Map of the image

  Image Entry point : 0x080002cd

  Load Region LR_IROM1 (Base: 0x08000000, Size: 0x00013b5c, Max: 0x00100000, ABSOLUTE, COMPRESSED[0x00013988])

    Execution Region ER_IROM1 (Exec base: 0x08000000, Load base: 0x08000000, Size: 0x00013864, Max: 0x00100000, ABSOLUTE)

    Exec Addr    Load Addr    Size         Type   Attr      Idx    E Section Name        Object

    0x08000000   0x08000000   0x000002cc   Data   RO            3    RESET               startup_stm32h723xx.o
    0x080002cc   0x080002cc   0x00000000   Code   RO        10246  * .ARM.Collect$$$$00000000  mc_w.l(entry.o)
    0x080002cc   0x080002cc   0x00000004   Code   RO        10305    .ARM.Collect$$$$00000001  mc_w.l(entry2.o)
    0x080002d0   0x080002d0   0x00000004   Code   RO        10308    .ARM.Collect$$$$00000004  mc_w.l(entry5.o)
    0x080002d4   0x080002d4   0x00000000   Code   RO        10310    .ARM.Collect$$$$00000008  mc_w.l(entry7b.o)
    0x080002d4   0x080002d4   0x00000000   Code   RO        10312    .ARM.Collect$$$$0000000A  mc_w.l(entry8b.o)
    0x080002d4   0x080002d4   0x00000008   Code   RO        10313    .ARM.Collect$$$$0000000B  mc_w.l(entry9a.o)
    0x080002dc   0x080002dc   0x00000004   Code   RO        10320    .ARM.Collect$$$$0000000E  mc_w.l(entry12b.o)
    0x080002e0   0x080002e0   0x00000000   Code   RO        10315    .ARM.Collect$$$$0000000F  mc_w.l(entry10a.o)
    0x080002e0   0x080002e0   0x00000000   Code   RO        10317    .ARM.Collect$$$$00000011  mc_w.l(entry11a.o)
    0x080002e0   0x080002e0   0x00000004   Code   RO        10306    .ARM.Collect$$$$00002712  mc_w.l(entry2.o)
    0x080002e4   0x080002e4   0x000000be   Code   RO         8484    .emb_text           port.o
    0x080003a2   0x080003a2   0x00000002   PAD
    0x080003a4   0x080003a4   0x00000024   Code   RO            4    .text               startup_stm32h723xx.o
    0x080003c8   0x080003c8   0x00000062   Code   RO        10249    .text               mc_w.l(uldiv.o)
    0x0800042a   0x0800042a   0x0000001e   Code   RO        10251    .text               mc_w.l(llshl.o)
    0x08000448   0x08000448   0x00000024   Code   RO        10253    .text               mc_w.l(memcpya.o)
    0x0800046c   0x0800046c   0x00000024   Code   RO        10257    .text               mc_w.l(memseta.o)
    0x08000490   0x08000490   0x00000020   Code   RO        10321    .text               mc_w.l(llushr.o)
    0x080004b0   0x080004b0   0x00000000   Code   RO        10332    .text               mc_w.l(iusefp.o)
    0x080004b0   0x080004b0   0x00000024   Code   RO        10333    .text               mc_w.l(init.o)
    0x080004d4   0x080004d4   0x00000056   Code   RO        10343    .text               mc_w.l(__dczerorl2.o)
    0x0800052a   0x0800052a   0x00000002   PAD
    0x0800052c   0x0800052c   0x00000090   Code   RO        10013    .text.arm_cos_f32   arm_cortexM7lfdp_math.lib(arm_cos_f32.o)
    0x080005bc   0x080005bc   0x00000008   Code   RO        10043    .text.arm_mat_init_f32  arm_cortexM7lfdp_math.lib(arm_mat_init_f32.o)
    0x080005c4   0x080005c4   0x000002cc   Code   RO        10052    .text.arm_mat_inverse_f32  arm_cortexM7lfdp_math.lib(arm_mat_inverse_f32.o)
    0x08000890   0x08000890   0x00000130   Code   RO        10062    .text.arm_mat_mult_f32  arm_cortexM7lfdp_math.lib(arm_mat_mult_f32.o)
    0x080009c0   0x080009c0   0x000000b4   Code   RO        10082    .text.arm_mat_trans_f32  arm_cortexM7lfdp_math.lib(arm_mat_trans_f32.o)
    0x08000a74   0x08000a74   0x0000008c   Code   RO        10023    .text.arm_sin_f32   arm_cortexM7lfdp_math.lib(arm_sin_f32.o)
    0x08000b00   0x08000b00   0x00000014   Code   RO         6631    i.BMI088_ACCEL_NS_H  bmi088middleware.o
    0x08000b14   0x08000b14   0x00000014   Code   RO         6632    i.BMI088_ACCEL_NS_L  bmi088middleware.o
    0x08000b28   0x08000b28   0x00000014   Code   RO         6633    i.BMI088_GYRO_NS_H  bmi088middleware.o
    0x08000b3c   0x08000b3c   0x00000014   Code   RO         6634    i.BMI088_GYRO_NS_L  bmi088middleware.o
    0x08000b50   0x08000b50   0x00000330   Code   RO         6541    i.BMI088_Read       bmi088driver.o
    0x08000e80   0x08000e80   0x000000c0   Code   RO         6542    i.BMI088_init       bmi088driver.o
    0x08000f40   0x08000f40   0x00000026   Code   RO         6543    i.BMI088_read_muli_reg  bmi088driver.o
    0x08000f66   0x08000f66   0x00000018   Code   RO         6544    i.BMI088_read_single_reg  bmi088driver.o
    0x08000f7e   0x08000f7e   0x00000002   PAD
    0x08000f80   0x08000f80   0x00000024   Code   RO         6635    i.BMI088_read_write_byte  bmi088middleware.o
    0x08000fa4   0x08000fa4   0x00000014   Code   RO         6545    i.BMI088_write_single_reg  bmi088driver.o
    0x08000fb8   0x08000fb8   0x0000015a   Code   RO         8564    i.BodyFrameToEarthFrame  ins_task.o
    0x08001112   0x08001112   0x00000004   Code   RO          665    i.BusFault_Handler  stm32h7xx_it.o
    0x08001116   0x08001116   0x00000044   Code   RO         9297    i.CDC_Control_HS    usbd_cdc_if.o
    0x0800115a   0x0800115a   0x00000004   Code   RO         9298    i.CDC_DeInit_HS     usbd_cdc_if.o
    0x0800115e   0x0800115e   0x00000002   PAD
    0x08001160   0x08001160   0x00000024   Code   RO         9299    i.CDC_Init_HS       usbd_cdc_if.o
    0x08001184   0x08001184   0x0000001c   Code   RO         9300    i.CDC_Receive_HS    usbd_cdc_if.o
    0x080011a0   0x080011a0   0x0000000c   Code   RO         9301    i.CDC_TransmitCplt_HS  usbd_cdc_if.o
    0x080011ac   0x080011ac   0x00000038   Code   RO         9302    i.CDC_Transmit_HS   usbd_cdc_if.o
    0x080011e4   0x080011e4   0x00000674   Code   RO         6546    i.Calibrate_MPU_Offset  bmi088driver.o
    0x08001858   0x08001858   0x00000008   Code   RO          329    i.Chassis_Task      freertos.o
    0x08001860   0x08001860   0x00000010   Code   RO          666    i.DMA1_Stream0_IRQHandler  stm32h7xx_it.o
    0x08001870   0x08001870   0x00000010   Code   RO          667    i.DMA1_Stream1_IRQHandler  stm32h7xx_it.o
    0x08001880   0x08001880   0x00000010   Code   RO          668    i.DMA1_Stream2_IRQHandler  stm32h7xx_it.o
    0x08001890   0x08001890   0x000000ec   Code   RO         3216    i.DMA_CalcBaseAndBitshift  stm32h7xx_hal_dma.o
    0x0800197c   0x0800197c   0x000000c4   Code   RO         3217    i.DMA_CalcDMAMUXChannelBaseAndMask  stm32h7xx_hal_dma.o
    0x08001a40   0x08001a40   0x00000098   Code   RO         3218    i.DMA_CalcDMAMUXRequestGenBaseAndMask  stm32h7xx_hal_dma.o
    0x08001ad8   0x08001ad8   0x000000ae   Code   RO         3219    i.DMA_CheckFifoParam  stm32h7xx_hal_dma.o
    0x08001b86   0x08001b86   0x00000002   PAD
    0x08001b88   0x08001b88   0x00000274   Code   RO         3220    i.DMA_SetConfig     stm32h7xx_hal_dma.o
    0x08001dfc   0x08001dfc   0x00000030   Code   RO         8881    i.DWT_CNT_Update    bsp_dwt.o
    0x08001e2c   0x08001e2c   0x0000003c   Code   RO         8882    i.DWT_Delay         bsp_dwt.o
    0x08001e68   0x08001e68   0x0000004c   Code   RO         8883    i.DWT_GetDeltaT     bsp_dwt.o
    0x08001eb4   0x08001eb4   0x00000054   Code   RO         8886    i.DWT_GetTimeline_s  bsp_dwt.o
    0x08001f08   0x08001f08   0x00000068   Code   RO         8888    i.DWT_Init          bsp_dwt.o
    0x08001f70   0x08001f70   0x000000d0   Code   RO         8889    i.DWT_SysTimeUpdate  bsp_dwt.o
    0x08002040   0x08002040   0x00000002   Code   RO          669    i.DebugMon_Handler  stm32h7xx_it.o
    0x08002042   0x08002042   0x0000015a   Code   RO         8565    i.EarthFrameToBodyFrame  ins_task.o
    0x0800219c   0x0800219c   0x00000006   Code   RO           13    i.Error_Handler     main.o
    0x080021a2   0x080021a2   0x00000002   PAD
    0x080021a4   0x080021a4   0x00000060   Code   RO         8958    i.FDCAN1_Config     can_bsp.o
    0x08002204   0x08002204   0x00000010   Code   RO          670    i.FDCAN1_IT0_IRQHandler  stm32h7xx_it.o
    0x08002214   0x08002214   0x00000060   Code   RO         8959    i.FDCAN2_Config     can_bsp.o
    0x08002274   0x08002274   0x00000010   Code   RO          671    i.FDCAN2_IT0_IRQHandler  stm32h7xx_it.o
    0x08002284   0x08002284   0x00000010   Code   RO          672    i.FDCAN3_IT0_IRQHandler  stm32h7xx_it.o
    0x08002294   0x08002294   0x00000220   Code   RO         5003    i.FDCAN_CalcultateRamBlockAddresses  stm32h7xx_hal_fdcan.o
    0x080024b4   0x080024b4   0x000000d4   Code   RO         5004    i.FDCAN_CopyMessageToRAM  stm32h7xx_hal_fdcan.o
    0x08002588   0x08002588   0x00000034   Code   RO         9210    i.Get_SerialNum     usbd_desc.o
    0x080025bc   0x080025bc   0x000004dc   Code   RO         3221    i.HAL_DMA_Abort     stm32h7xx_hal_dma.o
    0x08002a98   0x08002a98   0x00000398   Code   RO         3222    i.HAL_DMA_Abort_IT  stm32h7xx_hal_dma.o
    0x08002e30   0x08002e30   0x00000af8   Code   RO         3226    i.HAL_DMA_IRQHandler  stm32h7xx_hal_dma.o
    0x08003928   0x08003928   0x00000514   Code   RO         3227    i.HAL_DMA_Init      stm32h7xx_hal_dma.o
    0x08003e3c   0x08003e3c   0x000003e0   Code   RO         3231    i.HAL_DMA_Start_IT  stm32h7xx_hal_dma.o
    0x0800421c   0x0800421c   0x00000028   Code   RO         4064    i.HAL_Delay         stm32h7xx_hal.o
    0x08004244   0x08004244   0x000000a8   Code   RO         5006    i.HAL_FDCAN_ActivateNotification  stm32h7xx_hal_fdcan.o
    0x080042ec   0x080042ec   0x00000090   Code   RO         5008    i.HAL_FDCAN_AddMessageToTxFifoQ  stm32h7xx_hal_fdcan.o
    0x0800437c   0x0800437c   0x00000002   Code   RO         5009    i.HAL_FDCAN_ClockCalibrationCallback  stm32h7xx_hal_fdcan.o
    0x0800437e   0x0800437e   0x000000a8   Code   RO         5013    i.HAL_FDCAN_ConfigFilter  stm32h7xx_hal_fdcan.o
    0x08004426   0x08004426   0x00000034   Code   RO         5014    i.HAL_FDCAN_ConfigGlobalFilter  stm32h7xx_hal_fdcan.o
    0x0800445a   0x0800445a   0x00000002   Code   RO         5035    i.HAL_FDCAN_ErrorCallback  stm32h7xx_hal_fdcan.o
    0x0800445c   0x0800445c   0x00000002   Code   RO         5036    i.HAL_FDCAN_ErrorStatusCallback  stm32h7xx_hal_fdcan.o
    0x0800445e   0x0800445e   0x00000002   PAD
    0x08004460   0x08004460   0x000001f4   Code   RO         5047    i.HAL_FDCAN_GetRxMessage  stm32h7xx_hal_fdcan.o
    0x08004654   0x08004654   0x00000002   Code   RO         5053    i.HAL_FDCAN_HighPriorityMessageCallback  stm32h7xx_hal_fdcan.o
    0x08004656   0x08004656   0x00000002   PAD
    0x08004658   0x08004658   0x000003d4   Code   RO         5054    i.HAL_FDCAN_IRQHandler  stm32h7xx_hal_fdcan.o
    0x08004a2c   0x08004a2c   0x000002e0   Code   RO         5055    i.HAL_FDCAN_Init    stm32h7xx_hal_fdcan.o
    0x08004d0c   0x08004d0c   0x000001b4   Code   RO          479    i.HAL_FDCAN_MspInit  fdcan.o
    0x08004ec0   0x08004ec0   0x00000002   Code   RO         5064    i.HAL_FDCAN_RxBufferNewMessageCallback  stm32h7xx_hal_fdcan.o
    0x08004ec2   0x08004ec2   0x00000002   PAD
    0x08004ec4   0x08004ec4   0x0000012c   Code   RO         8960    i.HAL_FDCAN_RxFifo0Callback  can_bsp.o
    0x08004ff0   0x08004ff0   0x00000038   Code   RO         8961    i.HAL_FDCAN_RxFifo1Callback  can_bsp.o
    0x08005028   0x08005028   0x00000034   Code   RO         5067    i.HAL_FDCAN_Start   stm32h7xx_hal_fdcan.o
    0x0800505c   0x0800505c   0x00000002   Code   RO         5089    i.HAL_FDCAN_TT_GlobalTimeCallback  stm32h7xx_hal_fdcan.o
    0x0800505e   0x0800505e   0x00000002   Code   RO         5090    i.HAL_FDCAN_TT_ScheduleSyncCallback  stm32h7xx_hal_fdcan.o
    0x08005060   0x08005060   0x00000002   Code   RO         5095    i.HAL_FDCAN_TT_StopWatchCallback  stm32h7xx_hal_fdcan.o
    0x08005062   0x08005062   0x00000002   Code   RO         5096    i.HAL_FDCAN_TT_TimeMarkCallback  stm32h7xx_hal_fdcan.o
    0x08005064   0x08005064   0x00000002   Code   RO         5097    i.HAL_FDCAN_TimeoutOccurredCallback  stm32h7xx_hal_fdcan.o
    0x08005066   0x08005066   0x00000002   Code   RO         5098    i.HAL_FDCAN_TimestampWraparoundCallback  stm32h7xx_hal_fdcan.o
    0x08005068   0x08005068   0x00000002   Code   RO         5099    i.HAL_FDCAN_TxBufferAbortCallback  stm32h7xx_hal_fdcan.o
    0x0800506a   0x0800506a   0x00000002   Code   RO         5100    i.HAL_FDCAN_TxBufferCompleteCallback  stm32h7xx_hal_fdcan.o
    0x0800506c   0x0800506c   0x00000002   Code   RO         5101    i.HAL_FDCAN_TxEventFifoCallback  stm32h7xx_hal_fdcan.o
    0x0800506e   0x0800506e   0x00000002   Code   RO         5102    i.HAL_FDCAN_TxFifoEmptyCallback  stm32h7xx_hal_fdcan.o
    0x08005070   0x08005070   0x000001f0   Code   RO         3069    i.HAL_GPIO_Init     stm32h7xx_hal_gpio.o
    0x08005260   0x08005260   0x0000000c   Code   RO         3073    i.HAL_GPIO_WritePin  stm32h7xx_hal_gpio.o
    0x0800526c   0x0800526c   0x0000000c   Code   RO         4080    i.HAL_GetTick       stm32h7xx_hal.o
    0x08005278   0x08005278   0x00000018   Code   RO         4086    i.HAL_IncTick       stm32h7xx_hal.o
    0x08005290   0x08005290   0x00000060   Code   RO         4087    i.HAL_Init          stm32h7xx_hal.o
    0x080052f0   0x080052f0   0x000000a0   Code   RO          807    i.HAL_InitTick      stm32h7xx_hal_timebase_tim.o
    0x08005390   0x08005390   0x00000030   Code   RO          783    i.HAL_MspInit       stm32h7xx_hal_msp.o
    0x080053c0   0x080053c0   0x00000028   Code   RO         3917    i.HAL_NVIC_EnableIRQ  stm32h7xx_hal_cortex.o
    0x080053e8   0x080053e8   0x0000007a   Code   RO         3923    i.HAL_NVIC_SetPriority  stm32h7xx_hal_cortex.o
    0x08005462   0x08005462   0x00000002   PAD
    0x08005464   0x08005464   0x00000028   Code   RO         3924    i.HAL_NVIC_SetPriorityGrouping  stm32h7xx_hal_cortex.o
    0x0800548c   0x0800548c   0x00000028   Code   RO         2114    i.HAL_PCDEx_ActivateLPM  stm32h7xx_hal_pcd_ex.o
    0x080054b4   0x080054b4   0x00000002   Code   RO         2119    i.HAL_PCDEx_LPM_Callback  stm32h7xx_hal_pcd_ex.o
    0x080054b6   0x080054b6   0x0000000a   Code   RO         2120    i.HAL_PCDEx_SetRxFiFo  stm32h7xx_hal_pcd_ex.o
    0x080054c0   0x080054c0   0x0000004e   Code   RO         2121    i.HAL_PCDEx_SetTxFiFo  stm32h7xx_hal_pcd_ex.o
    0x0800550e   0x0800550e   0x0000000e   Code   RO         9358    i.HAL_PCD_ConnectCallback  usbd_conf.o
    0x0800551c   0x0800551c   0x00000020   Code   RO         9359    i.HAL_PCD_DataInStageCallback  usbd_conf.o
    0x0800553c   0x0800553c   0x00000020   Code   RO         9360    i.HAL_PCD_DataOutStageCallback  usbd_conf.o
    0x0800555c   0x0800555c   0x0000000e   Code   RO         9361    i.HAL_PCD_DisconnectCallback  usbd_conf.o
    0x0800556a   0x0800556a   0x00000042   Code   RO         1885    i.HAL_PCD_EP_Abort  stm32h7xx_hal_pcd.o
    0x080055ac   0x080055ac   0x0000006a   Code   RO         1886    i.HAL_PCD_EP_Close  stm32h7xx_hal_pcd.o
    0x08005616   0x08005616   0x0000007c   Code   RO         1887    i.HAL_PCD_EP_ClrStall  stm32h7xx_hal_pcd.o
    0x08005692   0x08005692   0x00000016   Code   RO         1889    i.HAL_PCD_EP_GetRxCount  stm32h7xx_hal_pcd.o
    0x080056a8   0x080056a8   0x0000008c   Code   RO         1890    i.HAL_PCD_EP_Open   stm32h7xx_hal_pcd.o
    0x08005734   0x08005734   0x00000046   Code   RO         1891    i.HAL_PCD_EP_Receive  stm32h7xx_hal_pcd.o
    0x0800577a   0x0800577a   0x0000008a   Code   RO         1892    i.HAL_PCD_EP_SetStall  stm32h7xx_hal_pcd.o
    0x08005804   0x08005804   0x00000048   Code   RO         1893    i.HAL_PCD_EP_Transmit  stm32h7xx_hal_pcd.o
    0x0800584c   0x0800584c   0x0000070e   Code   RO         1895    i.HAL_PCD_IRQHandler  stm32h7xx_hal_pcd.o
    0x08005f5a   0x08005f5a   0x00000012   Code   RO         9362    i.HAL_PCD_ISOINIncompleteCallback  usbd_conf.o
    0x08005f6c   0x08005f6c   0x00000012   Code   RO         9363    i.HAL_PCD_ISOOUTIncompleteCallback  usbd_conf.o
    0x08005f7e   0x08005f7e   0x00000172   Code   RO         1898    i.HAL_PCD_Init      stm32h7xx_hal_pcd.o
    0x080060f0   0x080060f0   0x000000b8   Code   RO         9365    i.HAL_PCD_MspInit   usbd_conf.o
    0x080061a8   0x080061a8   0x00000030   Code   RO         9366    i.HAL_PCD_ResetCallback  usbd_conf.o
    0x080061d8   0x080061d8   0x0000000e   Code   RO         9367    i.HAL_PCD_ResumeCallback  usbd_conf.o
    0x080061e6   0x080061e6   0x0000000e   Code   RO         9368    i.HAL_PCD_SOFCallback  usbd_conf.o
    0x080061f4   0x080061f4   0x00000036   Code   RO         1904    i.HAL_PCD_SetAddress  stm32h7xx_hal_pcd.o
    0x0800622a   0x0800622a   0x00000012   Code   RO         9369    i.HAL_PCD_SetupStageCallback  usbd_conf.o
    0x0800623c   0x0800623c   0x0000004c   Code   RO         1907    i.HAL_PCD_Start     stm32h7xx_hal_pcd.o
    0x08006288   0x08006288   0x00000034   Code   RO         9370    i.HAL_PCD_SuspendCallback  usbd_conf.o
    0x080062bc   0x080062bc   0x00000060   Code   RO         3670    i.HAL_PWREx_ConfigSupply  stm32h7xx_hal_pwr_ex.o
    0x0800631c   0x0800631c   0x00000014   Code   RO         3687    i.HAL_PWREx_EnableUSBVoltageDetector  stm32h7xx_hal_pwr_ex.o
    0x08006330   0x08006330   0x00000024   Code   RO         2612    i.HAL_RCCEx_GetD3PCLK1Freq  stm32h7xx_hal_rcc_ex.o
    0x08006354   0x08006354   0x00000230   Code   RO         2614    i.HAL_RCCEx_GetPLL2ClockFreq  stm32h7xx_hal_rcc_ex.o
    0x08006584   0x08006584   0x00000230   Code   RO         2615    i.HAL_RCCEx_GetPLL3ClockFreq  stm32h7xx_hal_rcc_ex.o
    0x080067b4   0x080067b4   0x00000cc8   Code   RO         2621    i.HAL_RCCEx_PeriphCLKConfig  stm32h7xx_hal_rcc_ex.o
    0x0800747c   0x0800747c   0x00000320   Code   RO         2497    i.HAL_RCC_ClockConfig  stm32h7xx_hal_rcc.o
    0x0800779c   0x0800779c   0x0000006c   Code   RO         2501    i.HAL_RCC_GetClockConfig  stm32h7xx_hal_rcc.o
    0x08007808   0x08007808   0x0000004c   Code   RO         2502    i.HAL_RCC_GetHCLKFreq  stm32h7xx_hal_rcc.o
    0x08007854   0x08007854   0x00000024   Code   RO         2504    i.HAL_RCC_GetPCLK1Freq  stm32h7xx_hal_rcc.o
    0x08007878   0x08007878   0x00000024   Code   RO         2505    i.HAL_RCC_GetPCLK2Freq  stm32h7xx_hal_rcc.o
    0x0800789c   0x0800789c   0x0000022c   Code   RO         2506    i.HAL_RCC_GetSysClockFreq  stm32h7xx_hal_rcc.o
    0x08007ac8   0x08007ac8   0x0000075c   Code   RO         2509    i.HAL_RCC_OscConfig  stm32h7xx_hal_rcc.o
    0x08008224   0x08008224   0x00000002   Code   RO         5628    i.HAL_SPI_ErrorCallback  stm32h7xx_hal_spi.o
    0x08008226   0x08008226   0x00000002   PAD
    0x08008228   0x08008228   0x00000294   Code   RO         5631    i.HAL_SPI_IRQHandler  stm32h7xx_hal_spi.o
    0x080084bc   0x080084bc   0x000001b0   Code   RO         5632    i.HAL_SPI_Init      stm32h7xx_hal_spi.o
    0x0800866c   0x0800866c   0x00000178   Code   RO          534    i.HAL_SPI_MspInit   spi.o
    0x080087e4   0x080087e4   0x00000002   Code   RO         5638    i.HAL_SPI_RxCpltCallback  stm32h7xx_hal_spi.o
    0x080087e6   0x080087e6   0x00000002   Code   RO         5640    i.HAL_SPI_SuspendCallback  stm32h7xx_hal_spi.o
    0x080087e8   0x080087e8   0x00000302   Code   RO         5642    i.HAL_SPI_TransmitReceive  stm32h7xx_hal_spi.o
    0x08008aea   0x08008aea   0x00000002   Code   RO         5647    i.HAL_SPI_TxCpltCallback  stm32h7xx_hal_spi.o
    0x08008aec   0x08008aec   0x00000002   Code   RO         5649    i.HAL_SPI_TxRxCpltCallback  stm32h7xx_hal_spi.o
    0x08008aee   0x08008aee   0x00000002   Code   RO         1573    i.HAL_TIMEx_Break2Callback  stm32h7xx_hal_tim_ex.o
    0x08008af0   0x08008af0   0x00000002   Code   RO         1574    i.HAL_TIMEx_BreakCallback  stm32h7xx_hal_tim_ex.o
    0x08008af2   0x08008af2   0x00000002   Code   RO         1575    i.HAL_TIMEx_CommutCallback  stm32h7xx_hal_tim_ex.o
    0x08008af4   0x08008af4   0x000000e4   Code   RO         1596    i.HAL_TIMEx_MasterConfigSynchronization  stm32h7xx_hal_tim_ex.o
    0x08008bd8   0x08008bd8   0x0000006e   Code   RO          848    i.HAL_TIM_Base_Init  stm32h7xx_hal_tim.o
    0x08008c46   0x08008c46   0x00000002   Code   RO          850    i.HAL_TIM_Base_MspInit  stm32h7xx_hal_tim.o
    0x08008c48   0x08008c48   0x000000cc   Code   RO          853    i.HAL_TIM_Base_Start_IT  stm32h7xx_hal_tim.o
    0x08008d14   0x08008d14   0x00000002   Code   RO          882    i.HAL_TIM_IC_CaptureCallback  stm32h7xx_hal_tim.o
    0x08008d16   0x08008d16   0x000001b8   Code   RO          896    i.HAL_TIM_IRQHandler  stm32h7xx_hal_tim.o
    0x08008ece   0x08008ece   0x00000002   PAD
    0x08008ed0   0x08008ed0   0x0000005c   Code   RO          575    i.HAL_TIM_MspPostInit  tim.o
    0x08008f2c   0x08008f2c   0x00000002   Code   RO          899    i.HAL_TIM_OC_DelayElapsedCallback  stm32h7xx_hal_tim.o
    0x08008f2e   0x08008f2e   0x00000170   Code   RO          920    i.HAL_TIM_PWM_ConfigChannel  stm32h7xx_hal_tim.o
    0x0800909e   0x0800909e   0x0000006e   Code   RO          923    i.HAL_TIM_PWM_Init  stm32h7xx_hal_tim.o
    0x0800910c   0x0800910c   0x00000030   Code   RO          577    i.HAL_TIM_PWM_MspInit  tim.o
    0x0800913c   0x0800913c   0x00000002   Code   RO          926    i.HAL_TIM_PWM_PulseFinishedCallback  stm32h7xx_hal_tim.o
    0x0800913e   0x0800913e   0x00000012   Code   RO           14    i.HAL_TIM_PeriodElapsedCallback  main.o
    0x08009150   0x08009150   0x00000002   Code   RO          939    i.HAL_TIM_TriggerCallback  stm32h7xx_hal_tim.o
    0x08009152   0x08009152   0x0000004e   Code   RO         6380    i.HAL_UARTEx_DisableFifoMode  stm32h7xx_hal_uart_ex.o
    0x080091a0   0x080091a0   0x00000002   Code   RO         5964    i.HAL_UARTEx_RxEventCallback  stm32h7xx_hal_uart.o
    0x080091a2   0x080091a2   0x00000002   Code   RO         6388    i.HAL_UARTEx_RxFifoFullCallback  stm32h7xx_hal_uart_ex.o
    0x080091a4   0x080091a4   0x0000005e   Code   RO         6389    i.HAL_UARTEx_SetRxFifoThreshold  stm32h7xx_hal_uart_ex.o
    0x08009202   0x08009202   0x0000005e   Code   RO         6390    i.HAL_UARTEx_SetTxFifoThreshold  stm32h7xx_hal_uart_ex.o
    0x08009260   0x08009260   0x00000002   Code   RO         6392    i.HAL_UARTEx_TxFifoEmptyCallback  stm32h7xx_hal_uart_ex.o
    0x08009262   0x08009262   0x00000002   Code   RO         6393    i.HAL_UARTEx_WakeupCallback  stm32h7xx_hal_uart_ex.o
    0x08009264   0x08009264   0x00000002   Code   RO         5980    i.HAL_UART_ErrorCallback  stm32h7xx_hal_uart.o
    0x08009266   0x08009266   0x00000002   PAD
    0x08009268   0x08009268   0x00000494   Code   RO         5983    i.HAL_UART_IRQHandler  stm32h7xx_hal_uart.o
    0x080096fc   0x080096fc   0x00000078   Code   RO         5984    i.HAL_UART_Init     stm32h7xx_hal_uart.o
    0x08009774   0x08009774   0x000000f8   Code   RO          624    i.HAL_UART_MspInit  usart.o
    0x0800986c   0x0800986c   0x0000005c   Code   RO         5988    i.HAL_UART_Receive_DMA  stm32h7xx_hal_uart.o
    0x080098c8   0x080098c8   0x00000002   Code   RO         5991    i.HAL_UART_RxCpltCallback  stm32h7xx_hal_uart.o
    0x080098ca   0x080098ca   0x00000002   Code   RO         5992    i.HAL_UART_RxHalfCpltCallback  stm32h7xx_hal_uart.o
    0x080098cc   0x080098cc   0x00000002   Code   RO         5996    i.HAL_UART_TxCpltCallback  stm32h7xx_hal_uart.o
    0x080098ce   0x080098ce   0x00000004   Code   RO          673    i.HardFault_Handler  stm32h7xx_it.o
    0x080098d2   0x080098d2   0x00000002   PAD
    0x080098d4   0x080098d4   0x00000034   Code   RO         8566    i.INS_Init          ins_task.o
    0x08009908   0x08009908   0x00000008   Code   RO          330    i.INS_Task          freertos.o
    0x08009910   0x08009910   0x0000035c   Code   RO         8567    i.INS_task          ins_task.o
    0x08009c6c   0x08009c6c   0x0000003e   Code   RO         9211    i.IntToUnicode      usbd_desc.o
    0x08009caa   0x08009caa   0x00000002   PAD
    0x08009cac   0x08009cac   0x0000070c   Code   RO         6937    i.Kalman_Filter_Init  kalman_filter.o
    0x0800a3b8   0x0800a3b8   0x000002d0   Code   RO         7197    i.LQRCalculate      lqr.o
    0x0800a688   0x0800a688   0x00000054   Code   RO          454    i.MX_DMA_Init       dma.o
    0x0800a6dc   0x0800a6dc   0x00000080   Code   RO          480    i.MX_FDCAN1_Init    fdcan.o
    0x0800a75c   0x0800a75c   0x00000080   Code   RO          481    i.MX_FDCAN2_Init    fdcan.o
    0x0800a7dc   0x0800a7dc   0x00000080   Code   RO          482    i.MX_FDCAN3_Init    fdcan.o
    0x0800a85c   0x0800a85c   0x000000b4   Code   RO          331    i.MX_FREERTOS_Init  freertos.o
    0x0800a910   0x0800a910   0x00000174   Code   RO          305    i.MX_GPIO_Init      gpio.o
    0x0800aa84   0x0800aa84   0x00000064   Code   RO          535    i.MX_SPI2_Init      spi.o
    0x0800aae8   0x0800aae8   0x00000080   Code   RO          578    i.MX_TIM3_Init      tim.o
    0x0800ab68   0x0800ab68   0x0000006c   Code   RO          625    i.MX_USART1_UART_Init  usart.o
    0x0800abd4   0x0800abd4   0x00000050   Code   RO         9175    i.MX_USB_DEVICE_Init  usb_device.o
    0x0800ac24   0x0800ac24   0x00000004   Code   RO          674    i.MemManage_Handler  stm32h7xx_it.o
    0x0800ac28   0x0800ac28   0x00000004   Code   RO          675    i.NMI_Handler       stm32h7xx_it.o
    0x0800ac2c   0x0800ac2c   0x00000008   Code   RO          332    i.OBSERVE_Task      freertos.o
    0x0800ac34   0x0800ac34   0x00000010   Code   RO          676    i.OTG_HS_IRQHandler  stm32h7xx_it.o
    0x0800ac44   0x0800ac44   0x00000030   Code   RO         8627    i.Observe_task      observe_task.o
    0x0800ac74   0x0800ac74   0x00000064   Code   RO         1910    i.PCD_EP_OutSetupPacket_int  stm32h7xx_hal_pcd.o
    0x0800acd8   0x0800acd8   0x00000144   Code   RO         1911    i.PCD_EP_OutXfrComplete_int  stm32h7xx_hal_pcd.o
    0x0800ae1c   0x0800ae1c   0x000000b6   Code   RO         1912    i.PCD_WriteEmptyTxFifo  stm32h7xx_hal_pcd.o
    0x0800aed2   0x0800aed2   0x00000002   PAD
    0x0800aed4   0x0800aed4   0x000001f0   Code   RO         7152    i.PID_Calc          pid.o
    0x0800b0c4   0x0800b0c4   0x0000004c   Code   RO         7153    i.PID_clear         pid.o
    0x0800b110   0x0800b110   0x00000060   Code   RO         7154    i.PID_init          pid.o
    0x0800b170   0x0800b170   0x00000048   Code   RO           15    i.PeriphCommonClock_Config  main.o
    0x0800b1b8   0x0800b1b8   0x00000164   Code   RO         2624    i.RCCEx_PLL2_Config  stm32h7xx_hal_rcc_ex.o
    0x0800b31c   0x0800b31c   0x00000164   Code   RO         2625    i.RCCEx_PLL3_Config  stm32h7xx_hal_rcc_ex.o
    0x0800b480   0x0800b480   0x00000008   Code   RO          333    i.Remote_Control_Task  freertos.o
    0x0800b488   0x0800b488   0x0000012e   Code   RO         6796    i.RotationMatrix_update  mahony_filter.o
    0x0800b5b6   0x0800b5b6   0x00000002   PAD
    0x0800b5b8   0x0800b5b8   0x00000010   Code   RO          677    i.SPI2_IRQHandler   stm32h7xx_it.o
    0x0800b5c8   0x0800b5c8   0x000000d6   Code   RO         5652    i.SPI_CloseTransfer  stm32h7xx_hal_spi.o
    0x0800b69e   0x0800b69e   0x0000001c   Code   RO         5653    i.SPI_DMAAbortOnError  stm32h7xx_hal_spi.o
    0x0800b6ba   0x0800b6ba   0x0000001a   Code   RO         5663    i.SPI_GetPacketSize  stm32h7xx_hal_spi.o
    0x0800b6d4   0x0800b6d4   0x00000042   Code   RO         5670    i.SPI_WaitOnFlagUntilTimeout  stm32h7xx_hal_spi.o
    0x0800b716   0x0800b716   0x00000012   Code   RO         9735    i.SWAPBYTE          usbd_ctlreq.o
    0x0800b728   0x0800b728   0x0000000e   Code   RO          334    i.StartDefaultTask  freertos.o
    0x0800b736   0x0800b736   0x00000002   PAD
    0x0800b738   0x0800b738   0x00000034   Code   RO         8485    i.SysTick_Handler   port.o
    0x0800b76c   0x0800b76c   0x000000bc   Code   RO           16    i.SystemClock_Config  main.o
    0x0800b828   0x0800b828   0x000000e0   Code   RO         6504    i.SystemInit        system_stm32h7xx.o
    0x0800b908   0x0800b908   0x00000010   Code   RO          678    i.TIM2_IRQHandler   stm32h7xx_it.o
    0x0800b918   0x0800b918   0x000000e0   Code   RO          941    i.TIM_Base_SetConfig  stm32h7xx_hal_tim.o
    0x0800b9f8   0x0800b9f8   0x000000ac   Code   RO          954    i.TIM_OC1_SetConfig  stm32h7xx_hal_tim.o
    0x0800baa4   0x0800baa4   0x000000b4   Code   RO          955    i.TIM_OC2_SetConfig  stm32h7xx_hal_tim.o
    0x0800bb58   0x0800bb58   0x000000b4   Code   RO          956    i.TIM_OC3_SetConfig  stm32h7xx_hal_tim.o
    0x0800bc0c   0x0800bc0c   0x00000074   Code   RO          957    i.TIM_OC4_SetConfig  stm32h7xx_hal_tim.o
    0x0800bc80   0x0800bc80   0x00000070   Code   RO          958    i.TIM_OC5_SetConfig  stm32h7xx_hal_tim.o
    0x0800bcf0   0x0800bcf0   0x00000070   Code   RO          959    i.TIM_OC6_SetConfig  stm32h7xx_hal_tim.o
    0x0800bd60   0x0800bd60   0x00000058   Code   RO         6394    i.UARTEx_SetNbDataToProcess  stm32h7xx_hal_uart_ex.o
    0x0800bdb8   0x0800bdb8   0x000000f8   Code   RO         5998    i.UART_AdvFeatureConfig  stm32h7xx_hal_uart.o
    0x0800beb0   0x0800beb0   0x000000ea   Code   RO         5999    i.UART_CheckIdleState  stm32h7xx_hal_uart.o
    0x0800bf9a   0x0800bf9a   0x00000018   Code   RO         6000    i.UART_DMAAbortOnError  stm32h7xx_hal_uart.o
    0x0800bfb2   0x0800bfb2   0x0000005e   Code   RO         6001    i.UART_DMAError     stm32h7xx_hal_uart.o
    0x0800c010   0x0800c010   0x000000ae   Code   RO         6002    i.UART_DMAReceiveCplt  stm32h7xx_hal_uart.o
    0x0800c0be   0x0800c0be   0x00000026   Code   RO         6004    i.UART_DMARxHalfCplt  stm32h7xx_hal_uart.o
    0x0800c0e4   0x0800c0e4   0x0000006c   Code   RO         6010    i.UART_EndRxTransfer  stm32h7xx_hal_uart.o
    0x0800c150   0x0800c150   0x00000030   Code   RO         6011    i.UART_EndTransmit_IT  stm32h7xx_hal_uart.o
    0x0800c180   0x0800c180   0x00000040   Code   RO         6012    i.UART_EndTxTransfer  stm32h7xx_hal_uart.o
    0x0800c1c0   0x0800c1c0   0x00000628   Code   RO         6017    i.UART_SetConfig    stm32h7xx_hal_uart.o
    0x0800c7e8   0x0800c7e8   0x000000c8   Code   RO         6018    i.UART_Start_Receive_DMA  stm32h7xx_hal_uart.o
    0x0800c8b0   0x0800c8b0   0x000000a2   Code   RO         6024    i.UART_WaitOnFlagUntilTimeout  stm32h7xx_hal_uart.o
    0x0800c952   0x0800c952   0x00000002   PAD
    0x0800c954   0x0800c954   0x00000028   Code   RO          679    i.USART1_IRQHandler  stm32h7xx_it.o
    0x0800c97c   0x0800c97c   0x000000c4   Code   RO         9906    i.USBD_CDC_DataIn   usbd_cdc.o
    0x0800ca40   0x0800ca40   0x00000048   Code   RO         9907    i.USBD_CDC_DataOut  usbd_cdc.o
    0x0800ca88   0x0800ca88   0x000000d4   Code   RO         9908    i.USBD_CDC_DeInit   usbd_cdc.o
    0x0800cb5c   0x0800cb5c   0x00000050   Code   RO         9909    i.USBD_CDC_EP0_RxReady  usbd_cdc.o
    0x0800cbac   0x0800cbac   0x00000010   Code   RO         9910    i.USBD_CDC_GetDeviceQualifierDescriptor  usbd_cdc.o
    0x0800cbbc   0x0800cbbc   0x00000044   Code   RO         9911    i.USBD_CDC_GetFSCfgDesc  usbd_cdc.o
    0x0800cc00   0x0800cc00   0x00000048   Code   RO         9912    i.USBD_CDC_GetHSCfgDesc  usbd_cdc.o
    0x0800cc48   0x0800cc48   0x00000044   Code   RO         9913    i.USBD_CDC_GetOtherSpeedCfgDesc  usbd_cdc.o
    0x0800cc8c   0x0800cc8c   0x000001a0   Code   RO         9914    i.USBD_CDC_Init     usbd_cdc.o
    0x0800ce2c   0x0800ce2c   0x00000050   Code   RO         9915    i.USBD_CDC_ReceivePacket  usbd_cdc.o
    0x0800ce7c   0x0800ce7c   0x00000018   Code   RO         9916    i.USBD_CDC_RegisterInterface  usbd_cdc.o
    0x0800ce94   0x0800ce94   0x0000001e   Code   RO         9917    i.USBD_CDC_SetRxBuffer  usbd_cdc.o
    0x0800ceb2   0x0800ceb2   0x00000024   Code   RO         9918    i.USBD_CDC_SetTxBuffer  usbd_cdc.o
    0x0800ced6   0x0800ced6   0x00000140   Code   RO         9919    i.USBD_CDC_Setup    usbd_cdc.o
    0x0800d016   0x0800d016   0x00000002   PAD
    0x0800d018   0x0800d018   0x0000005c   Code   RO         9920    i.USBD_CDC_TransmitPacket  usbd_cdc.o
    0x0800d074   0x0800d074   0x0000001c   Code   RO         9569    i.USBD_ClrClassConfig  usbd_core.o
    0x0800d090   0x0800d090   0x0000003e   Code   RO         9736    i.USBD_ClrFeature   usbd_ctlreq.o
    0x0800d0ce   0x0800d0ce   0x00000006   Code   RO         9570    i.USBD_CoreFindEP   usbd_core.o
    0x0800d0d4   0x0800d0d4   0x00000006   Code   RO         9571    i.USBD_CoreFindIF   usbd_core.o
    0x0800d0da   0x0800d0da   0x00000018   Code   RO         9842    i.USBD_CtlContinueRx  usbd_ioreq.o
    0x0800d0f2   0x0800d0f2   0x00000018   Code   RO         9843    i.USBD_CtlContinueSendData  usbd_ioreq.o
    0x0800d10a   0x0800d10a   0x00000018   Code   RO         9737    i.USBD_CtlError     usbd_ctlreq.o
    0x0800d122   0x0800d122   0x00000028   Code   RO         9844    i.USBD_CtlPrepareRx  usbd_ioreq.o
    0x0800d14a   0x0800d14a   0x0000001a   Code   RO         9845    i.USBD_CtlReceiveStatus  usbd_ioreq.o
    0x0800d164   0x0800d164   0x00000022   Code   RO         9846    i.USBD_CtlSendData  usbd_ioreq.o
    0x0800d186   0x0800d186   0x0000001a   Code   RO         9847    i.USBD_CtlSendStatus  usbd_ioreq.o
    0x0800d1a0   0x0800d1a0   0x00000056   Code   RO         9738    i.USBD_GetConfig    usbd_ctlreq.o
    0x0800d1f6   0x0800d1f6   0x00000232   Code   RO         9739    i.USBD_GetDescriptor  usbd_ctlreq.o
    0x0800d428   0x0800d428   0x00000050   Code   RO         9573    i.USBD_GetEpDesc    usbd_core.o
    0x0800d478   0x0800d478   0x00000016   Code   RO         9740    i.USBD_GetLen       usbd_ctlreq.o
    0x0800d48e   0x0800d48e   0x00000014   Code   RO         9574    i.USBD_GetNextDesc  usbd_core.o
    0x0800d4a2   0x0800d4a2   0x0000005a   Code   RO         9741    i.USBD_GetStatus    usbd_ctlreq.o
    0x0800d4fc   0x0800d4fc   0x00000054   Code   RO         9742    i.USBD_GetString    usbd_ctlreq.o
    0x0800d550   0x0800d550   0x0000002c   Code   RO         9371    i.USBD_Get_USB_Status  usbd_conf.o
    0x0800d57c   0x0800d57c   0x00000034   Code   RO         9212    i.USBD_HS_ConfigStrDescriptor  usbd_desc.o
    0x0800d5b0   0x0800d5b0   0x00000010   Code   RO         9213    i.USBD_HS_DeviceDescriptor  usbd_desc.o
    0x0800d5c0   0x0800d5c0   0x00000038   Code   RO         9214    i.USBD_HS_InterfaceStrDescriptor  usbd_desc.o
    0x0800d5f8   0x0800d5f8   0x00000010   Code   RO         9215    i.USBD_HS_LangIDStrDescriptor  usbd_desc.o
    0x0800d608   0x0800d608   0x0000002c   Code   RO         9216    i.USBD_HS_ManufacturerStrDescriptor  usbd_desc.o
    0x0800d634   0x0800d634   0x00000040   Code   RO         9217    i.USBD_HS_ProductStrDescriptor  usbd_desc.o
    0x0800d674   0x0800d674   0x00000018   Code   RO         9218    i.USBD_HS_SerialStrDescriptor  usbd_desc.o
    0x0800d68c   0x0800d68c   0x0000003a   Code   RO         9575    i.USBD_Init         usbd_core.o
    0x0800d6c6   0x0800d6c6   0x00000026   Code   RO         9372    i.USBD_LL_ClearStallEP  usbd_conf.o
    0x0800d6ec   0x0800d6ec   0x00000026   Code   RO         9373    i.USBD_LL_CloseEP   usbd_conf.o
    0x0800d712   0x0800d712   0x00000108   Code   RO         9576    i.USBD_LL_DataInStage  usbd_core.o
    0x0800d81a   0x0800d81a   0x00000102   Code   RO         9577    i.USBD_LL_DataOutStage  usbd_core.o
    0x0800d91c   0x0800d91c   0x00000006   Code   RO         9578    i.USBD_LL_DevConnected  usbd_core.o
    0x0800d922   0x0800d922   0x00000026   Code   RO         9579    i.USBD_LL_DevDisconnected  usbd_core.o
    0x0800d948   0x0800d948   0x00000012   Code   RO         9377    i.USBD_LL_GetRxDataSize  usbd_conf.o
    0x0800d95a   0x0800d95a   0x00000002   PAD
    0x0800d95c   0x0800d95c   0x00000074   Code   RO         9378    i.USBD_LL_Init      usbd_conf.o
    0x0800d9d0   0x0800d9d0   0x00000038   Code   RO         9379    i.USBD_LL_IsStallEP  usbd_conf.o
    0x0800da08   0x0800da08   0x00000048   Code   RO         9580    i.USBD_LL_IsoINIncomplete  usbd_core.o
    0x0800da50   0x0800da50   0x00000048   Code   RO         9581    i.USBD_LL_IsoOUTIncomplete  usbd_core.o
    0x0800da98   0x0800da98   0x00000030   Code   RO         9380    i.USBD_LL_OpenEP    usbd_conf.o
    0x0800dac8   0x0800dac8   0x00000030   Code   RO         9381    i.USBD_LL_PrepareReceive  usbd_conf.o
    0x0800daf8   0x0800daf8   0x0000006c   Code   RO         9582    i.USBD_LL_Reset     usbd_core.o
    0x0800db64   0x0800db64   0x00000016   Code   RO         9583    i.USBD_LL_Resume    usbd_core.o
    0x0800db7a   0x0800db7a   0x00000028   Code   RO         9584    i.USBD_LL_SOF       usbd_core.o
    0x0800dba2   0x0800dba2   0x00000008   Code   RO         9585    i.USBD_LL_SetSpeed  usbd_core.o
    0x0800dbaa   0x0800dbaa   0x00000026   Code   RO         9382    i.USBD_LL_SetUSBAddress  usbd_conf.o
    0x0800dbd0   0x0800dbd0   0x00000076   Code   RO         9586    i.USBD_LL_SetupStage  usbd_core.o
    0x0800dc46   0x0800dc46   0x00000026   Code   RO         9383    i.USBD_LL_StallEP   usbd_conf.o
    0x0800dc6c   0x0800dc6c   0x0000001e   Code   RO         9384    i.USBD_LL_Start     usbd_conf.o
    0x0800dc8a   0x0800dc8a   0x0000001c   Code   RO         9587    i.USBD_LL_Suspend   usbd_core.o
    0x0800dca6   0x0800dca6   0x00000030   Code   RO         9386    i.USBD_LL_Transmit  usbd_conf.o
    0x0800dcd6   0x0800dcd6   0x00000036   Code   RO         9743    i.USBD_ParseSetupRequest  usbd_ctlreq.o
    0x0800dd0c   0x0800dd0c   0x00000048   Code   RO         9588    i.USBD_RegisterClass  usbd_core.o
    0x0800dd54   0x0800dd54   0x00000006   Code   RO         9589    i.USBD_RunTestMode  usbd_core.o
    0x0800dd5a   0x0800dd5a   0x0000005a   Code   RO         9744    i.USBD_SetAddress   usbd_ctlreq.o
    0x0800ddb4   0x0800ddb4   0x00000020   Code   RO         9590    i.USBD_SetClassConfig  usbd_core.o
    0x0800ddd4   0x0800ddd4   0x00000104   Code   RO         9745    i.USBD_SetConfig    usbd_ctlreq.o
    0x0800ded8   0x0800ded8   0x00000038   Code   RO         9746    i.USBD_SetFeature   usbd_ctlreq.o
    0x0800df10   0x0800df10   0x0000000c   Code   RO         9591    i.USBD_Start        usbd_core.o
    0x0800df1c   0x0800df1c   0x000000ae   Code   RO         9747    i.USBD_StdDevReq    usbd_ctlreq.o
    0x0800dfca   0x0800dfca   0x00000280   Code   RO         9748    i.USBD_StdEPReq     usbd_ctlreq.o
    0x0800e24a   0x0800e24a   0x000000ae   Code   RO         9749    i.USBD_StdItfReq    usbd_ctlreq.o
    0x0800e2f8   0x0800e2f8   0x00000002   Code   RO         9387    i.USBD_static_free  usbd_conf.o
    0x0800e2fa   0x0800e2fa   0x00000002   PAD
    0x0800e2fc   0x0800e2fc   0x0000000c   Code   RO         9388    i.USBD_static_malloc  usbd_conf.o
    0x0800e308   0x0800e308   0x000000d0   Code   RO         2186    i.USB_ActivateEndpoint  stm32h7xx_ll_usb.o
    0x0800e3d8   0x0800e3d8   0x00000028   Code   RO         2188    i.USB_ActivateSetup  stm32h7xx_ll_usb.o
    0x0800e400   0x0800e400   0x00000098   Code   RO         2190    i.USB_CoreInit      stm32h7xx_ll_usb.o
    0x0800e498   0x0800e498   0x00000058   Code   RO         2191    i.USB_CoreReset     stm32h7xx_ll_usb.o
    0x0800e4f0   0x0800e4f0   0x0000014c   Code   RO         2194    i.USB_DeactivateEndpoint  stm32h7xx_ll_usb.o
    0x0800e63c   0x0800e63c   0x00000024   Code   RO         2195    i.USB_DevConnect    stm32h7xx_ll_usb.o
    0x0800e660   0x0800e660   0x00000024   Code   RO         2196    i.USB_DevDisconnect  stm32h7xx_ll_usb.o
    0x0800e684   0x0800e684   0x000001d8   Code   RO         2197    i.USB_DevInit       stm32h7xx_ll_usb.o
    0x0800e85c   0x0800e85c   0x0000000e   Code   RO         2198    i.USB_DisableGlobalInt  stm32h7xx_ll_usb.o
    0x0800e86a   0x0800e86a   0x00000002   PAD
    0x0800e86c   0x0800e86c   0x00000070   Code   RO         2201    i.USB_EP0_OutStart  stm32h7xx_ll_usb.o
    0x0800e8dc   0x0800e8dc   0x0000008e   Code   RO         2202    i.USB_EPClearStall  stm32h7xx_ll_usb.o
    0x0800e96a   0x0800e96a   0x0000009a   Code   RO         2203    i.USB_EPSetStall    stm32h7xx_ll_usb.o
    0x0800ea04   0x0800ea04   0x000003b4   Code   RO         2204    i.USB_EPStartXfer   stm32h7xx_ll_usb.o
    0x0800edb8   0x0800edb8   0x000000ec   Code   RO         2205    i.USB_EPStopXfer    stm32h7xx_ll_usb.o
    0x0800eea4   0x0800eea4   0x0000000e   Code   RO         2206    i.USB_EnableGlobalInt  stm32h7xx_ll_usb.o
    0x0800eeb2   0x0800eeb2   0x00000002   PAD
    0x0800eeb4   0x0800eeb4   0x00000054   Code   RO         2207    i.USB_FlushRxFifo   stm32h7xx_ll_usb.o
    0x0800ef08   0x0800ef08   0x00000058   Code   RO         2208    i.USB_FlushTxFifo   stm32h7xx_ll_usb.o
    0x0800ef60   0x0800ef60   0x00000026   Code   RO         2210    i.USB_GetDevSpeed   stm32h7xx_ll_usb.o
    0x0800ef86   0x0800ef86   0x0000000a   Code   RO         2212    i.USB_GetMode       stm32h7xx_ll_usb.o
    0x0800ef90   0x0800ef90   0x00000014   Code   RO         2220    i.USB_ReadDevAllInEpInterrupt  stm32h7xx_ll_usb.o
    0x0800efa4   0x0800efa4   0x00000014   Code   RO         2221    i.USB_ReadDevAllOutEpInterrupt  stm32h7xx_ll_usb.o
    0x0800efb8   0x0800efb8   0x00000032   Code   RO         2222    i.USB_ReadDevInEPInterrupt  stm32h7xx_ll_usb.o
    0x0800efea   0x0800efea   0x0000001a   Code   RO         2223    i.USB_ReadDevOutEPInterrupt  stm32h7xx_ll_usb.o
    0x0800f004   0x0800f004   0x0000000a   Code   RO         2224    i.USB_ReadInterrupts  stm32h7xx_ll_usb.o
    0x0800f00e   0x0800f00e   0x00000060   Code   RO         2225    i.USB_ReadPacket    stm32h7xx_ll_usb.o
    0x0800f06e   0x0800f06e   0x00000068   Code   RO         2227    i.USB_SetCurrentMode  stm32h7xx_ll_usb.o
    0x0800f0d6   0x0800f0d6   0x0000002a   Code   RO         2228    i.USB_SetDevAddress  stm32h7xx_ll_usb.o
    0x0800f100   0x0800f100   0x00000012   Code   RO         2229    i.USB_SetDevSpeed   stm32h7xx_ll_usb.o
    0x0800f112   0x0800f112   0x00000002   PAD
    0x0800f114   0x0800f114   0x000000e8   Code   RO         2230    i.USB_SetTurnaroundTime  stm32h7xx_ll_usb.o
    0x0800f1fc   0x0800f1fc   0x00000044   Code   RO         2233    i.USB_WritePacket   stm32h7xx_ll_usb.o
    0x0800f240   0x0800f240   0x00000004   Code   RO          680    i.UsageFault_Handler  stm32h7xx_it.o
    0x0800f244   0x0800f244   0x00000098   Code   RO         7240    i.VMCDataPrepare    vmc_calc_version_1_1.o
    0x0800f2dc   0x0800f2dc   0x00000024   Code   RO         7241    i.VMCInit           vmc_calc_version_1_1.o
    0x0800f300   0x0800f300   0x00000066   Code   RO         7242    i.VMCLegForceCalc   vmc_calc_version_1_1.o
    0x0800f366   0x0800f366   0x00000052   Code   RO         7243    i.VMCVirtual2RealCalc  vmc_calc_version_1_1.o
    0x0800f3b8   0x0800f3b8   0x00000008   Code   RO          335    i.Vofa_task         freertos.o
    0x0800f3c0   0x0800f3c0   0x00000026   Code   RO        10289    i.__ARM_fpclassifyf  m_wv.l(fpclassifyf.o)
    0x0800f3e6   0x0800f3e6   0x00000002   PAD
    0x0800f3e8   0x0800f3e8   0x00000010   Code   RO         3930    i.__NVIC_GetPriorityGrouping  stm32h7xx_hal_cortex.o
    0x0800f3f8   0x0800f3f8   0x00000028   Code   RO         3931    i.__NVIC_SetPriority  stm32h7xx_hal_cortex.o
    0x0800f420   0x0800f420   0x00000138   Code   RO        10198    i.__hardfp_asinf    m_wv.l(asinf.o)
    0x0800f558   0x0800f558   0x000002b4   Code   RO        10210    i.__hardfp_atan2f   m_wv.l(atan2f.o)
    0x0800f80c   0x0800f80c   0x00000066   Code   RO        10222    i.__hardfp_sqrt     m_wv.l(sqrt.o)
    0x0800f872   0x0800f872   0x0000003a   Code   RO        10234    i.__hardfp_sqrtf    m_wv.l(sqrtf.o)
    0x0800f8ac   0x0800f8ac   0x00000006   Code   RO        10292    i.__mathlib_flt_infnan  m_wv.l(funder.o)
    0x0800f8b2   0x0800f8b2   0x00000006   Code   RO        10293    i.__mathlib_flt_infnan2  m_wv.l(funder.o)
    0x0800f8b8   0x0800f8b8   0x00000010   Code   RO        10294    i.__mathlib_flt_invalid  m_wv.l(funder.o)
    0x0800f8c8   0x0800f8c8   0x00000010   Code   RO        10297    i.__mathlib_flt_underflow  m_wv.l(funder.o)
    0x0800f8d8   0x0800f8d8   0x0000000e   Code   RO        10337    i.__scatterload_copy  mc_w.l(handlers.o)
    0x0800f8e6   0x0800f8e6   0x00000002   Code   RO        10338    i.__scatterload_null  mc_w.l(handlers.o)
    0x0800f8e8   0x0800f8e8   0x0000000e   Code   RO        10339    i.__scatterload_zeroinit  mc_w.l(handlers.o)
    0x0800f8f6   0x0800f8f6   0x00000002   PAD
    0x0800f8f8   0x0800f8f8   0x0000000c   Code   RO        10327    i.__set_errno       mc_w.l(errno.o)
    0x0800f904   0x0800f904   0x0000016c   Code   RO         6547    i.bmi088_accel_init  bmi088driver.o
    0x0800fa70   0x0800fa70   0x00000130   Code   RO         6548    i.bmi088_gyro_init  bmi088driver.o
    0x0800fba0   0x0800fba0   0x0000007e   Code   RO         8962    i.canx_send_data    can_bsp.o
    0x0800fc1e   0x0800fc1e   0x00000010   Code   RO         8755    i.chassis_task      chassis_task.o
    0x0800fc2e   0x0800fc2e   0x0000003a   Code   RO         8684    i.crsf_crc8         remote_control.o
    0x0800fc68   0x0800fc68   0x00000064   Code   RO         8685    i.crsf_decode_channels  remote_control.o
    0x0800fccc   0x0800fccc   0x00000164   Code   RO         6688    i.dm3507_fbdata     dm4310_drv.o
    0x0800fe30   0x0800fe30   0x0000009a   Code   RO         6689    i.dm4310_fbdata     dm4310_drv.o
    0x0800feca   0x0800feca   0x00000002   PAD
    0x0800fecc   0x0800fecc   0x0000015c   Code   RO         8686    i.dmaToFrameBuffer  remote_control.o
    0x08010028   0x08010028   0x00000042   Code   RO         6690    i.enable_motor_mode  dm4310_drv.o
    0x0801006a   0x0801006a   0x0000000a   Code   RO         6549    i.fabsf             bmi088driver.o
    0x08010074   0x08010074   0x00000032   Code   RO         6691    i.float_to_uint     dm4310_drv.o
    0x080100a6   0x080100a6   0x00000024   Code   RO         8687    i.getSwichBit       remote_control.o
    0x080100ca   0x080100ca   0x00000002   PAD
    0x080100cc   0x080100cc   0x000002d4   Code   RO         8756    i.initChassisTask   chassis_task.o
    0x080103a0   0x080103a0   0x00000064   Code   RO         7198    i.initLQR           lqr.o
    0x08010404   0x08010404   0x00000038   Code   RO         8688    i.initRemoteControl  remote_control.o
    0x0801043c   0x0801043c   0x00000006   Code   RO         6692    i.joint_motor_init  dm4310_drv.o
    0x08010442   0x08010442   0x00000002   PAD
    0x08010444   0x08010444   0x0000017c   Code   RO         7244    i.legPosCalc        vmc_calc_version_1_1.o
    0x080105c0   0x080105c0   0x0000013c   Code   RO         8757    i.loadManualControl  chassis_task.o
    0x080106fc   0x080106fc   0x00000038   Code   RO         6797    i.mahony_init       mahony_filter.o
    0x08010734   0x08010734   0x0000001e   Code   RO         6798    i.mahony_input      mahony_filter.o
    0x08010752   0x08010752   0x0000004a   Code   RO         6799    i.mahony_output     mahony_filter.o
    0x0801079c   0x0801079c   0x00000286   Code   RO         6800    i.mahony_update     mahony_filter.o
    0x08010a22   0x08010a22   0x00000002   PAD
    0x08010a24   0x08010a24   0x00000074   Code   RO           17    i.main              main.o
    0x08010a98   0x08010a98   0x0000000e   Code   RO         8050    i.makeFreeRtosPriority  cmsis_os.o
    0x08010aa6   0x08010aa6   0x00000002   PAD
    0x08010aa8   0x08010aa8   0x0000006c   Code   RO        10262    i.malloc            mc_w.l(malloc.o)
    0x08010b14   0x08010b14   0x000000f0   Code   RO         6693    i.mit_ctrl          dm4310_drv.o
    0x08010c04   0x08010c04   0x00000100   Code   RO         6694    i.mit_ctrl2         dm4310_drv.o
    0x08010d04   0x08010d04   0x00000030   Code   RO         8689    i.my_limit          remote_control.o
    0x08010d34   0x08010d34   0x00000028   Code   RO         8758    i.mylimit_float     chassis_task.o
    0x08010d5c   0x08010d5c   0x00000018   Code   RO         8052    i.osDelay           cmsis_os.o
    0x08010d74   0x08010d74   0x0000000a   Code   RO         8055    i.osKernelStart     cmsis_os.o
    0x08010d7e   0x08010d7e   0x00000030   Code   RO         8089    i.osThreadCreate    cmsis_os.o
    0x08010dae   0x08010dae   0x00000002   PAD
    0x08010db0   0x08010db0   0x00000054   Code   RO         7199    i.phiTargetCalc     lqr.o
    0x08010e04   0x08010e04   0x00000098   Code   RO         7727    i.prvAddCurrentTaskToDelayedList  tasks.o
    0x08010e9c   0x08010e9c   0x000000b4   Code   RO         7728    i.prvAddNewTaskToReadyList  tasks.o
    0x08010f50   0x08010f50   0x00000048   Code   RO         7729    i.prvCheckTasksWaitingTermination  tasks.o
    0x08010f98   0x08010f98   0x00000012   Code   RO         7730    i.prvDeleteTCB      tasks.o
    0x08010faa   0x08010faa   0x00000002   PAD
    0x08010fac   0x08010fac   0x0000007c   Code   RO         8417    i.prvHeapInit       heap_4.o
    0x08011028   0x08011028   0x00000028   Code   RO         7731    i.prvIdleTask       tasks.o
    0x08011050   0x08011050   0x000000b4   Code   RO         7732    i.prvInitialiseNewTask  tasks.o
    0x08011104   0x08011104   0x00000068   Code   RO         7733    i.prvInitialiseTaskLists  tasks.o
    0x0801116c   0x0801116c   0x00000068   Code   RO         8418    i.prvInsertBlockIntoFreeList  heap_4.o
    0x080111d4   0x080111d4   0x00000034   Code   RO         7734    i.prvResetNextTaskUnblockTime  tasks.o
    0x08011208   0x08011208   0x00000040   Code   RO         8486    i.prvTaskExitError  port.o
    0x08011248   0x08011248   0x0000014c   Code   RO         8419    i.pvPortMalloc      heap_4.o
    0x08011394   0x08011394   0x0000002c   Code   RO         8487    i.pxPortInitialiseStack  port.o
    0x080113c0   0x080113c0   0x00000298   Code   RO         8690    i.remoteControlParse  remote_control.o
    0x08011658   0x08011658   0x00000054   Code   RO         8691    i.remoteControlTask  remote_control.o
    0x080116ac   0x080116ac   0x0000002c   Code   RO         8812    i.sendDataAppend    vofa_task.o
    0x080116d8   0x080116d8   0x0000003e   Code   RO        10236    i.sqrtf             m_wv.l(sqrtf.o)
    0x08011716   0x08011716   0x00000034   Code   RO         6698    i.uint_to_float     dm4310_drv.o
    0x0801174a   0x0801174a   0x00000002   PAD
    0x0801174c   0x0801174c   0x00000e50   Code   RO         8759    i.updateChassisControl  chassis_task.o
    0x0801259c   0x0801259c   0x00000028   Code   RO         7380    i.uxListRemove      list.o
    0x080125c4   0x080125c4   0x0000001a   Code   RO         7381    i.vListInitialise   list.o
    0x080125de   0x080125de   0x00000006   Code   RO         7382    i.vListInitialiseItem  list.o
    0x080125e4   0x080125e4   0x00000034   Code   RO         7383    i.vListInsert       list.o
    0x08012618   0x08012618   0x00000018   Code   RO         7384    i.vListInsertEnd    list.o
    0x08012630   0x08012630   0x00000054   Code   RO         8489    i.vPortEnterCritical  port.o
    0x08012684   0x08012684   0x0000003c   Code   RO         8490    i.vPortExitCritical  port.o
    0x080126c0   0x080126c0   0x000000a4   Code   RO         8420    i.vPortFree         heap_4.o
    0x08012764   0x08012764   0x00000028   Code   RO         8491    i.vPortSetupTimerInterrupt  port.o
    0x0801278c   0x0801278c   0x0000005c   Code   RO         7743    i.vTaskDelay        tasks.o
    0x080127e8   0x080127e8   0x00000088   Code   RO         7756    i.vTaskStartScheduler  tasks.o
    0x08012870   0x08012870   0x00000010   Code   RO         7758    i.vTaskSuspendAll   tasks.o
    0x08012880   0x08012880   0x0000008c   Code   RO         7759    i.vTaskSwitchContext  tasks.o
    0x0801290c   0x0801290c   0x00000060   Code   RO         8813    i.vofaSend          vofa_task.o
    0x0801296c   0x0801296c   0x00000002   Code   RO         8814    i.vofaTaskInit      vofa_task.o
    0x0801296e   0x0801296e   0x00000002   PAD
    0x08012970   0x08012970   0x00000050   Code   RO         8815    i.vofa_task         vofa_task.o
    0x080129c0   0x080129c0   0x00000006   Code   RO         6699    i.wheel_motor_init  dm4310_drv.o
    0x080129c6   0x080129c6   0x00000002   PAD
    0x080129c8   0x080129c8   0x00000168   Code   RO         8493    i.xPortStartScheduler  port.o
    0x08012b30   0x08012b30   0x00000060   Code   RO         7762    i.xTaskCreate       tasks.o
    0x08012b90   0x08012b90   0x0000000c   Code   RO         7767    i.xTaskGetTickCount  tasks.o
    0x08012b9c   0x08012b9c   0x00000148   Code   RO         7769    i.xTaskIncrementTick  tasks.o
    0x08012ce4   0x08012ce4   0x00000104   Code   RO         7775    i.xTaskResumeAll    tasks.o
    0x08012de8   0x08012de8   0x00000074   Code   RO         8629    i.xvEstimateKF_Init  observe_task.o
    0x08012e5c   0x08012e5c   0x00000078   Data   RO          336    .constdata          freertos.o
    0x08012ed4   0x08012ed4   0x00000008   Data   RO         3233    .constdata          stm32h7xx_hal_dma.o
    0x08012edc   0x08012edc   0x0000005c   Data   RO         5103    .constdata          stm32h7xx_hal_fdcan.o
    0x08012f38   0x08012f38   0x00000018   Data   RO         6025    .constdata          stm32h7xx_hal_uart.o
    0x08012f50   0x08012f50   0x00000010   Data   RO         6396    .constdata          stm32h7xx_hal_uart_ex.o
    0x08012f60   0x08012f60   0x00000010   Data   RO         6505    .constdata          system_stm32h7xx.o
    0x08012f70   0x08012f70   0x00000010   Data   RO         8632    .constdata          observe_task.o
    0x08012f80   0x08012f80   0x0000006c   Data   RO         8761    .constdata          chassis_task.o
    0x08012fec   0x08012fec   0x00000054   Data   RO          337    .conststring        freertos.o
    0x08013040   0x08013040   0x00000804   Data   RO        10178    .rodata.sinTable_f32  arm_cortexM7lfdp_math.lib(arm_common_tables.o)
    0x08013844   0x08013844   0x00000020   Data   RO        10335    Region$$Table       anon$$obj.o


    Execution Region RW_IRAM1 (Exec base: 0x20000000, Load base: 0x08013864, Size: 0x00000000, Max: 0x00020000, ABSOLUTE)

    **** No section assigned to this execution region ****


    Execution Region RW_IRAM2 (Exec base: 0x24000000, Load base: 0x08013864, Size: 0x0000b190, Max: 0x00050000, ABSOLUTE, COMPRESSED[0x00000124])

    Exec Addr    Load Addr    Size         Type   Attr      Idx    E Section Name        Object

    0x24000000   COMPRESSED   0x00000018   Data   RW          338    .data               freertos.o
    0x24000018   COMPRESSED   0x00000004   Data   RW          484    .data               fdcan.o
    0x2400001c   COMPRESSED   0x00000009   Data   RW         4111    .data               stm32h7xx_hal.o
    0x24000025   COMPRESSED   0x00000003   PAD
    0x24000028   COMPRESSED   0x00000008   Data   RW         6506    .data               system_stm32h7xx.o
    0x24000030   COMPRESSED   0x0000004a   Data   RW         6551    .data               bmi088driver.o
    0x2400007a   COMPRESSED   0x00000002   PAD
    0x2400007c   COMPRESSED   0x00000004   Data   RW         6636    .data               bmi088middleware.o
    0x24000080   COMPRESSED   0x00000004   Data   RW         6945    .data               kalman_filter.o
    0x24000084   COMPRESSED   0x00000028   Data   RW         7201    .data               lqr.o
    0x240000ac   COMPRESSED   0x0000003c   Data   RW         7778    .data               tasks.o
    0x240000e8   COMPRESSED   0x00000020   Data   RW         8426    .data               heap_4.o
    0x24000108   COMPRESSED   0x0000000c   Data   RW         8494    .data               port.o
    0x24000114   COMPRESSED   0x0000001c   Data   RW         8569    .data               ins_task.o
    0x24000130   COMPRESSED   0x0000004c   Data   RW         8633    .data               observe_task.o
    0x2400017c   COMPRESSED   0x00000001   Data   RW         8693    .data               remote_control.o
    0x2400017d   COMPRESSED   0x00000003   PAD
    0x24000180   COMPRESSED   0x00000020   Data   RW         8762    .data               chassis_task.o
    0x240001a0   COMPRESSED   0x00000008   Data   RW         8817    .data               vofa_task.o
    0x240001a8   COMPRESSED   0x00000040   Data   RW         8890    .data               bsp_dwt.o
    0x240001e8   COMPRESSED   0x0000005e   Data   RW         9221    .data               usbd_desc.o
    0x24000246   COMPRESSED   0x00000002   PAD
    0x24000248   COMPRESSED   0x00000014   Data   RW         9304    .data               usbd_cdc_if.o
    0x2400025c   COMPRESSED   0x00000001   Data   RW         9750    .data               usbd_ctlreq.o
    0x2400025d   COMPRESSED   0x00000003   PAD
    0x24000260   COMPRESSED   0x0000008a   Data   RW         9921    .data               usbd_cdc.o
    0x240002ea   COMPRESSED   0x00000002   PAD
    0x240002ec   COMPRESSED   0x00000004   Data   RW        10323    .data               mc_w.l(mvars.o)
    0x240002f0   COMPRESSED   0x00000004   Data   RW        10324    .data               mc_w.l(mvars.o)
    0x240002f4   COMPRESSED   0x00000004   Data   RW        10328    .data               mc_w.l(errno.o)
    0x240002f8        -       0x000001e0   Zero   RW          483    .bss                fdcan.o
    0x240004d8        -       0x00000178   Zero   RW          536    .bss                spi.o
    0x24000650        -       0x0000004c   Zero   RW          579    .bss                tim.o
    0x2400069c        -       0x0000010c   Zero   RW          626    .bss                usart.o
    0x240007a8        -       0x0000004c   Zero   RW          810    .bss                stm32h7xx_hal_timebase_tim.o
    0x240007f4        -       0x0000004c   Zero   RW         6550    .bss                bmi088driver.o
    0x24000840        -       0x00000030   Zero   RW         7200    .bss                lqr.o
    0x24000870        -       0x00000078   Zero   RW         7245    .bss                vmc_calc_version_1_1.o
    0x240008e8        -       0x000000f0   Zero   RW         7777    .bss                tasks.o
    0x240009d8        -       0x00007800   Zero   RW         8425    .bss                heap_4.o
    0x240081d8        -       0x00000130   Zero   RW         8568    .bss                ins_task.o
    0x24008308        -       0x00000150   Zero   RW         8631    .bss                observe_task.o
    0x24008458        -       0x000000f0   Zero   RW         8692    .bss                remote_control.o
    0x24008548        -       0x000004ec   Zero   RW         8760    .bss                chassis_task.o
    0x24008a34        -       0x00000080   Zero   RW         8816    .bss                vofa_task.o
    0x24008ab4        -       0x000000d0   Zero   RW         8963    .bss                can_bsp.o
    0x24008b84        -       0x000002dc   Zero   RW         9176    .bss                usb_device.o
    0x24008e60        -       0x00000200   Zero   RW         9220    .bss                usbd_desc.o
    0x24009060        -       0x00001000   Zero   RW         9303    .bss                usbd_cdc_if.o
    0x2400a060        -       0x0000072c   Zero   RW         9389    .bss                usbd_conf.o
    0x2400a78c   COMPRESSED   0x00000004   PAD
    0x2400a790        -       0x00000200   Zero   RW            2    HEAP                startup_stm32h723xx.o
    0x2400a990        -       0x00000800   Zero   RW            1    STACK               startup_stm32h723xx.o


==============================================================================

Image component sizes


      Code (inc. data)   RO Data    RW Data    ZI Data      Debug   Object Name

      3420        210          0         74         76      15848   bmi088driver.o
       116         30          0          4          0       3548   bmi088middleware.o
       580        112          0         64          0       4754   bsp_dwt.o
       674         50          0          0        208       4490   can_bsp.o
      4760        352        108         32       1260       7901   chassis_task.o
        96          0          0          0          0      12947   cmsis_os.o
      1186         70          0          0          0       9213   dm4310_drv.o
        84          4          0          0          0        934   dma.o
         0          0          0          0          0       5224   event_groups.o
       820         54          0          4        480       3517   fdcan.o
       234         30        204         24          0      10899   freertos.o
       372         16          0          0          0       1283   gpio.o
       724         74          0         32      30720       7655   heap_4.o
      1604         92          0         28        304       4914   ins_task.o
      1804         12          0          4          0       3966   kalman_filter.o
       148          0          0          0          0       3798   list.o
       904        258          0         40         48       3161   lqr.o
      1108         16          0          0          0       6133   mahony_filter.o
       400         16          0          0          0    1276447   main.o
       164         32         16         76        336       4974   observe_task.o
       668         12          0          0          0       3150   pid.o
       894         78          0         12          0      11448   port.o
         0          0          0          0          0       2121   quaternionekf.o
      1394         82          0          1        240       6831   remote_control.o
       476         38          0          0        376       2191   spi.o
        36          8        716          0       2560        852   startup_stm32h723xx.o
       172         34          0          9          0      23102   stm32h7xx_hal.o
       258         22          0          0          0      39382   stm32h7xx_hal_cortex.o
      8650        164          8          0          0      13614   stm32h7xx_hal_dma.o
      3586         52         92          0          0      23144   stm32h7xx_hal_fdcan.o
       508         50          0          0          0       2276   stm32h7xx_hal_gpio.o
        48          6          0          0          0        974   stm32h7xx_hal_msp.o
      3650         16          0          0          0      14244   stm32h7xx_hal_pcd.o
       130          4          0          0          0       3293   stm32h7xx_hal_pcd_ex.o
       116         12          0          0          0       1382   stm32h7xx_hal_pwr_ex.o
      3496        120          0          0          0       7737   stm32h7xx_hal_rcc.o
      5140        112          0          0          0       7457   stm32h7xx_hal_rcc_ex.o
      2206         18          0          0          0      10397   stm32h7xx_hal_spi.o
      2338        234          0          0          0      13125   stm32h7xx_hal_tim.o
       234         38          0          0          0       3392   stm32h7xx_hal_tim_ex.o
       160         18          0          0         76       1703   stm32h7xx_hal_timebase_tim.o
      4364        172         24          0          0      36848   stm32h7xx_hal_uart.o
       360         10         16          0          0       5698   stm32h7xx_hal_uart_ex.o
       206         60          0          0          0       8115   stm32h7xx_it.o
      3890        100          0          0          0      23460   stm32h7xx_ll_usb.o
       224         32         16          8          0       1450   system_stm32h7xx.o
      1878        274          0         60        240      19673   tasks.o
       268         32          0          0         76       2523   tim.o
       356         34          0          0        268       2085   usart.o
        80         16          0          0        732        816   usb_device.o
      1782         54          0        138          0      14713   usbd_cdc.o
       204         22          0         20       4096       4524   usbd_cdc_if.o
      1032         36          0          0       1836      18268   usbd_conf.o
      1354          0          0          0          0      17057   usbd_core.o
      2396         22          0          1          0      18400   usbd_ctlreq.o
       386        122          0         94        512       7261   usbd_desc.o
       174          0          0          0          0       4960   usbd_ioreq.o
         0          0          0          0          0        992   user_lib.o
       752         28          0          0        120       5465   vmc_calc_version_1_1.o
       222         24          0          8        128       3167   vofa_task.o

    ----------------------------------------------------------------------
     73354       3584       1232        748      44696    1778896   Object Totals
         0          0         32          0          0          0   (incl. Generated)
        68          0          0         15          4          0   (incl. Padding)

    ----------------------------------------------------------------------

      Code (inc. data)   RO Data    RW Data    ZI Data      Debug   Library Member Name

         0          0       2052          0          0       4961   arm_common_tables.o
       144         12          0          0          0       1111   arm_cos_f32.o
         8          0          0          0          0        841   arm_mat_init_f32.o
       716          4          0          0          0       3547   arm_mat_inverse_f32.o
       304          4          0          0          0       2362   arm_mat_mult_f32.o
       180          0          0          0          0       1862   arm_mat_trans_f32.o
       140         12          0          0          0       1098   arm_sin_f32.o
       312         54          0          0          0        176   asinf.o
       692         98          0          0          0        208   atan2f.o
        38          0          0          0          0        116   fpclassifyf.o
        44         12          0          0          0        464   funder.o
       102          0          0          0          0        140   sqrt.o
       120          0          0          0          0        272   sqrtf.o
        86          0          0          0          0          0   __dczerorl2.o
         0          0          0          0          0          0   entry.o
         0          0          0          0          0          0   entry10a.o
         0          0          0          0          0          0   entry11a.o
         4          0          0          0          0          0   entry12b.o
         8          4          0          0          0          0   entry2.o
         4          0          0          0          0          0   entry5.o
         0          0          0          0          0          0   entry7b.o
         0          0          0          0          0          0   entry8b.o
         8          4          0          0          0          0   entry9a.o
        12          6          0          4          0         68   errno.o
        30          0          0          0          0          0   handlers.o
        36          8          0          0          0         68   init.o
         0          0          0          0          0          0   iusefp.o
        30          0          0          0          0         68   llshl.o
        32          0          0          0          0         68   llushr.o
       108         16          0          0          0         84   malloc.o
        36          0          0          0          0         68   memcpya.o
        36          0          0          0          0        108   memseta.o
         0          0          0          8          0          0   mvars.o
        98          0          0          0          0         92   uldiv.o

    ----------------------------------------------------------------------
      3334        234       2052         12          0      17782   Library Totals
         6          0          0          0          0          0   (incl. Padding)

    ----------------------------------------------------------------------

      Code (inc. data)   RO Data    RW Data    ZI Data      Debug   Library Name

      1492         32       2052          0          0      15782   arm_cortexM7lfdp_math.lib
      1308        164          0          0          0       1376   m_wv.l
       528         38          0         12          0        624   mc_w.l

    ----------------------------------------------------------------------
      3334        234       2052         12          0      17782   Library Totals

    ----------------------------------------------------------------------

==============================================================================


      Code (inc. data)   RO Data    RW Data    ZI Data      Debug   

     76688       3818       3284        760      44696    1755074   Grand Totals
     76688       3818       3284        292      44696    1755074   ELF Image Totals (compressed)
     76688       3818       3284        292          0          0   ROM Totals

==============================================================================

    Total RO  Size (Code + RO Data)                79972 (  78.10kB)
    Total RW  Size (RW Data + ZI Data)             45456 (  44.39kB)
    Total ROM Size (Code + RO Data + RW Data)      80264 (  78.38kB)

==============================================================================

